Archive member included to satisfy reference by file (symbol)

/home/arduino/ArduinoApps/mpu-6050/.cache/sketch/core/core.a(abi.cpp.o)
                              /home/arduino/ArduinoApps/mpu-6050/.cache/sketch/sketch/sketch.ino.cpp.o (std::__throw_length_error(char const*))
/home/arduino/ArduinoApps/mpu-6050/.cache/sketch/core/core.a(Print.cpp.o)
                              /home/arduino/ArduinoApps/mpu-6050/.cache/sketch/libraries/Adafruit GFX Library/Adafruit_GFX.cpp.o (arduino::Print::write(unsigned char const*, unsigned int))
/home/arduino/ArduinoApps/mpu-6050/.cache/sketch/core/core.a(Stream.cpp.o)
                              /home/arduino/ArduinoApps/mpu-6050/.cache/sketch/sketch/sketch.ino.cpp.o (arduino::Stream::setTimeout(unsigned long))
/home/arduino/ArduinoApps/mpu-6050/.cache/sketch/core/core.a(String.cpp.o)
                              /home/arduino/ArduinoApps/mpu-6050/.cache/sketch/sketch/sketch.ino.cpp.o (arduino::String::String(arduino::String&&))
/home/arduino/ArduinoApps/mpu-6050/.cache/sketch/core/core.a(itoa.cpp.o)
                              /home/arduino/ArduinoApps/mpu-6050/.cache/sketch/core/core.a(String.cpp.o) (dtostrf)
/home/arduino/ArduinoApps/mpu-6050/.cache/sketch/core/core.a(main.cpp.o)
                              (main)
/home/arduino/ArduinoApps/mpu-6050/.cache/sketch/core/core.a(new.cpp.o)
                              /home/arduino/ArduinoApps/mpu-6050/.cache/sketch/sketch/sketch.ino.cpp.o (operator new(unsigned int))
/home/arduino/ArduinoApps/mpu-6050/.cache/sketch/core/core.a(threads.cpp.o)
                              /home/arduino/ArduinoApps/mpu-6050/.cache/sketch/core/core.a(main.cpp.o) (start_static_threads())
/home/arduino/ArduinoApps/mpu-6050/.cache/sketch/core/core.a(zephyrCommon.cpp.o)
                              /home/arduino/ArduinoApps/mpu-6050/.cache/sketch/libraries/Arduino_LPS22HB/BARO.cpp.o (yield)
/home/arduino/ArduinoApps/mpu-6050/.cache/sketch/core/core.a(zephyrSerial.cpp.o)
                              /home/arduino/ArduinoApps/mpu-6050/.cache/sketch/libraries/Adafruit Unified Sensor/Adafruit_Sensor.cpp.o (Serial)
/home/arduino/ArduinoApps/mpu-6050/.cache/sketch/core/core.a(Common.cpp.o)
                              /home/arduino/ArduinoApps/mpu-6050/.cache/sketch/core/core.a(zephyrCommon.cpp.o) (map(long, long, long, long, long))

Discarded input sections

 .group         0x0000000000000000        0x8 /home/arduino/ArduinoApps/mpu-6050/.cache/sketch/sketch/sketch.ino.cpp.o
 .group         0x0000000000000000        0x8 /home/arduino/ArduinoApps/mpu-6050/.cache/sketch/sketch/sketch.ino.cpp.o
 .group         0x0000000000000000        0x8 /home/arduino/ArduinoApps/mpu-6050/.cache/sketch/sketch/sketch.ino.cpp.o
 .group         0x0000000000000000        0x8 /home/arduino/ArduinoApps/mpu-6050/.cache/sketch/sketch/sketch.ino.cpp.o
 .group         0x0000000000000000       0x10 /home/arduino/ArduinoApps/mpu-6050/.cache/sketch/sketch/sketch.ino.cpp.o
 .group         0x0000000000000000        0x8 /home/arduino/ArduinoApps/mpu-6050/.cache/sketch/sketch/sketch.ino.cpp.o
 .group         0x0000000000000000       0x24 /home/arduino/ArduinoApps/mpu-6050/.cache/sketch/sketch/sketch.ino.cpp.o
 .group         0x0000000000000000        0xc /home/arduino/ArduinoApps/mpu-6050/.cache/sketch/sketch/sketch.ino.cpp.o
 .group         0x0000000000000000        0xc /home/arduino/ArduinoApps/mpu-6050/.cache/sketch/sketch/sketch.ino.cpp.o
 .group         0x0000000000000000        0xc /home/arduino/ArduinoApps/mpu-6050/.cache/sketch/sketch/sketch.ino.cpp.o
 .group         0x0000000000000000        0xc /home/arduino/ArduinoApps/mpu-6050/.cache/sketch/sketch/sketch.ino.cpp.o
 .group         0x0000000000000000        0x8 /home/arduino/ArduinoApps/mpu-6050/.cache/sketch/sketch/sketch.ino.cpp.o
 .group         0x0000000000000000        0x8 /home/arduino/ArduinoApps/mpu-6050/.cache/sketch/sketch/sketch.ino.cpp.o
 .group         0x0000000000000000        0x8 /home/arduino/ArduinoApps/mpu-6050/.cache/sketch/sketch/sketch.ino.cpp.o
 .group         0x0000000000000000        0xc /home/arduino/ArduinoApps/mpu-6050/.cache/sketch/sketch/sketch.ino.cpp.o
 .group         0x0000000000000000        0x8 /home/arduino/ArduinoApps/mpu-6050/.cache/sketch/sketch/sketch.ino.cpp.o
 .group         0x0000000000000000        0xc /home/arduino/ArduinoApps/mpu-6050/.cache/sketch/sketch/sketch.ino.cpp.o
 .group         0x0000000000000000        0xc /home/arduino/ArduinoApps/mpu-6050/.cache/sketch/sketch/sketch.ino.cpp.o
 .group         0x0000000000000000        0x8 /home/arduino/ArduinoApps/mpu-6050/.cache/sketch/sketch/sketch.ino.cpp.o
 .group         0x0000000000000000        0xc /home/arduino/ArduinoApps/mpu-6050/.cache/sketch/sketch/sketch.ino.cpp.o
 .group         0x0000000000000000        0xc /home/arduino/ArduinoApps/mpu-6050/.cache/sketch/sketch/sketch.ino.cpp.o
 .group         0x0000000000000000        0xc /home/arduino/ArduinoApps/mpu-6050/.cache/sketch/sketch/sketch.ino.cpp.o
[...]
Memory Configuration

Name             Origin             Length             Attributes
*default*        0x0000000000000000 0xffffffffffffffff

Linker script and memory map

LOAD /home/arduino/.arduino15/packages/zephyr/tools/arm-zephyr-eabi/0.16.8/bin/../lib/gcc/../../picolibc/arm-zephyr-eabi/lib/thumb/v8-m.main+fp/hard/libstdc++.a
LOAD /home/arduino/.arduino15/packages/zephyr/tools/arm-zephyr-eabi/0.16.8/bin/../lib/gcc/../../picolibc/arm-zephyr-eabi/lib/thumb/v8-m.main+fp/hard/libsupc++.a
LOAD /home/arduino/.arduino15/packages/zephyr/tools/arm-zephyr-eabi/0.16.8/bin/../lib/gcc/arm-zephyr-eabi/12.2.0/../../../../arm-zephyr-eabi/lib/thumb/v8-m.main+fp/hard/libnosys.a
LOAD /home/arduino/ArduinoApps/mpu-6050/.cache/sketch/sketch/sketch.ino.cpp.o
LOAD /home/arduino/ArduinoApps/mpu-6050/.cache/sketch/libraries/Adafruit BusIO/Adafruit_BusIO_Register.cpp.o
LOAD /home/arduino/ArduinoApps/mpu-6050/.cache/sketch/libraries/Adafruit BusIO/Adafruit_GenericDevice.cpp.o
LOAD /home/arduino/ArduinoApps/mpu-6050/.cache/sketch/libraries/Adafruit BusIO/Adafruit_I2CDevice.cpp.o
LOAD /home/arduino/ArduinoApps/mpu-6050/.cache/sketch/libraries/Adafruit BusIO/Adafruit_SPIDevice.cpp.o
LOAD /home/arduino/ArduinoApps/mpu-6050/.cache/sketch/libraries/Adafruit GFX Library/Adafruit_GFX.cpp.o
LOAD /home/arduino/ArduinoApps/mpu-6050/.cache/sketch/libraries/Adafruit GFX Library/Adafruit_GrayOLED.cpp.o
LOAD /home/arduino/ArduinoApps/mpu-6050/.cache/sketch/libraries/Adafruit GFX Library/Adafruit_SPITFT.cpp.o
LOAD /home/arduino/ArduinoApps/mpu-6050/.cache/sketch/libraries/Adafruit GFX Library/glcdfont.c.o
LOAD /home/arduino/ArduinoApps/mpu-6050/.cache/sketch/libraries/Adafruit MPU6050/Adafruit_MPU6050.cpp.o
LOAD /home/arduino/ArduinoApps/mpu-6050/.cache/sketch/libraries/Adafruit SSD1306/Adafruit_SSD1306.cpp.o
LOAD /home/arduino/ArduinoApps/mpu-6050/.cache/sketch/libraries/Adafruit Unified Sensor/Adafruit_Sensor.cpp.o
LOAD /home/arduino/ArduinoApps/mpu-6050/.cache/sketch/libraries/Arduino_HS300x/HS300x.cpp.o
LOAD /home/arduino/ArduinoApps/mpu-6050/.cache/sketch/libraries/Arduino_LPS22HB/BARO.cpp.o
LOAD /home/arduino/ArduinoApps/mpu-6050/.cache/sketch/libraries/Arduino_LSM6DSOX/LSM6DSOX.cpp.o
LOAD /home/arduino/ArduinoApps/mpu-6050/.cache/sketch/libraries/Arduino_Modulino/Modulino.cpp.o
LOAD /home/arduino/ArduinoApps/mpu-6050/.cache/sketch/libraries/STM32duino VL53L4CD/platform.cpp.o
LOAD /home/arduino/ArduinoApps/mpu-6050/.cache/sketch/libraries/STM32duino VL53L4CD/vl53l4cd_api.cpp.o
LOAD /home/arduino/ArduinoApps/mpu-6050/.cache/sketch/libraries/STM32duino VL53L4CD/vl53l4cd_calibration.cpp.o
LOAD /home/arduino/ArduinoApps/mpu-6050/.cache/sketch/libraries/STM32duino VL53L4ED/platform.cpp.o
LOAD /home/arduino/ArduinoApps/mpu-6050/.cache/sketch/libraries/STM32duino VL53L4ED/vl53l4ed_api.cpp.o
LOAD /home/arduino/ArduinoApps/mpu-6050/.cache/sketch/libraries/STM32duino VL53L4ED/vl53l4ed_calibration.cpp.o
LOAD /home/arduino/ArduinoApps/mpu-6050/.cache/sketch/libraries/Wire/Wire.cpp.o
LOAD /home/arduino/ArduinoApps/mpu-6050/.cache/sketch/libraries/SPI/SPI.cpp.o
LOAD /home/arduino/ArduinoApps/mpu-6050/.cache/sketch/core/analogReference.cpp.o
START GROUP
LOAD /home/arduino/ArduinoApps/mpu-6050/.cache/sketch/core/core.a
LOAD /home/arduino/.arduino15/packages/zephyr/tools/arm-zephyr-eabi/0.16.8/bin/../lib/gcc/../../picolibc/arm-zephyr-eabi/lib/thumb/v8-m.main+fp/hard/libstdc++.a
LOAD /home/arduino/.arduino15/packages/zephyr/tools/arm-zephyr-eabi/0.16.8/bin/../lib/gcc/../../picolibc/arm-zephyr-eabi/lib/thumb/v8-m.main+fp/hard/libsupc++.a
END GROUP

/DISCARD/
 *(.ARM.attributes)
 *(.ARM.attributes.*)
 *(.ARM.exidx)
 *(.ARM.exidx.*)
 *(.ARM.extidx)
 *(.ARM.extidx.*)
 *(.ARM.extab)
 *(.ARM.extab.*)
 *(.comment)
 *(.comment.*)
 *(.llvmbc)
 *(.llvmcmd)
 *(.eh_frame)
 *stdexcept.o()
 *eh_*.o()
 *cow-stdexcept.o()
 *functexcept.o()
 *cow-string-inst.o()

.text           0x0000000000000000     0x5bc4
 *(.text)
 *(.stub)
 *(.text*)
 .text._ZN7arduino5Print17availableForWriteEv
                0x0000000000000000        0x4 /home/arduino/ArduinoApps/mpu-6050/.cache/sketch/sketch/sketch.ino.cpp.o
                0x0000000000000000                arduino::Print::availableForWrite()
 .text._ZN7arduino5Print5flushEv
                0x0000000000000004        0x2 /home/arduino/ArduinoApps/mpu-6050/.cache/sketch/sketch/sketch.ino.cpp.o
                0x0000000000000004                arduino::Print::flush()
 .text._ZN15SerialTransport9availableEv
                0x0000000000000006       0x12 /home/arduino/ArduinoApps/mpu-6050/.cache/sketch/sketch/sketch.ino.cpp.o
                0x0000000000000006                SerialTransport::available()
 .text._ZN15SerialTransport5writeEPKhj
                0x0000000000000018       0x10 /home/arduino/ArduinoApps/mpu-6050/.cache/sketch/sketch/sketch.ino.cpp.o
                0x0000000000000018                SerialTransport::write(unsigned char const*, unsigned int)
 .text._ZN15SerialTransportD2Ev
                0x0000000000000028        0x2 /home/arduino/ArduinoApps/mpu-6050/.cache/sketch/sketch/sketch.ino.cpp.o
                0x0000000000000028                SerialTransport::~SerialTransport()
                0x0000000000000028                SerialTransport::~SerialTransport()
 .text._ZN13BridgeMonitorILj512EE5writeEh
                0x000000000000002a       0x18 /home/arduino/ArduinoApps/mpu-6050/.cache/sketch/sketch/sketch.ino.cpp.o
                0x000000000000002a                BridgeMonitor<512u>::write(unsigned char)
 *fill*         0x0000000000000042        0x2 
 .text.k_yield  0x0000000000000044        0x8 /home/arduino/ArduinoApps/mpu-6050/.cache/sketch/sketch/sketch.ino.cpp.o
 .text.__tcf_1  0x000000000000004c       0x10 /home/arduino/ArduinoApps/mpu-6050/.cache/sketch/sketch/sketch.ino.cpp.o
 .text._ZN15SerialTransportD0Ev
                0x000000000000005c       0x14 /home/arduino/ArduinoApps/mpu-6050/.cache/sketch/sketch/sketch.ino.cpp.o
                0x000000000000005c                SerialTransport::~SerialTransport()
 .text._ZN15SerialTransport4readEPhj
                0x0000000000000070       0x28 /home/arduino/ArduinoApps/mpu-6050/.cache/sketch/sketch/sketch.ino.cpp.o
                0x0000000000000070                SerialTransport::read(unsigned char*, unsigned int)
 .text._ZN15SerialTransport9read_byteERh
                0x0000000000000098       0x20 /home/arduino/ArduinoApps/mpu-6050/.cache/sketch/sketch/sketch.ino.cpp.o
                0x0000000000000098                SerialTransport::read_byte(unsigned char&)
 .text.k_mutex_lock
                0x00000000000000b8        0x8 /home/arduino/ArduinoApps/mpu-6050/.cache/sketch/sketch/sketch.ino.cpp.o
 .text._ZSt14__relocate_a_1IhhENSt9enable_ifIXsrSt24__is_bitwise_relocatableIT_vE5valueEPS2_E4typeES4_S4_S4_RSaIT0_E.isra.0
                0x00000000000000c0       0x20 /home/arduino/ArduinoApps/mpu-6050/.cache/sketch/sketch/sketch.ino.cpp.o
 .text._ZNSt12_Vector_baseIhSaIhEE11_M_allocateEj.isra.0
                0x00000000000000e0       0x20 /home/arduino/ArduinoApps/mpu-6050/.cache/sketch/sketch/sketch.ino.cpp.o
 .text.k_mutex_unlock.isra.0
                0x0000000000000100        0x8 /home/arduino/ArduinoApps/mpu-6050/.cache/sketch/sketch/sketch.ino.cpp.o
 .text._ZN13BridgeMonitorILj512EE4readEv
                0x0000000000000108       0x64 /home/arduino/ArduinoApps/mpu-6050/.cache/sketch/sketch/sketch.ino.cpp.o
                0x0000000000000108                BridgeMonitor<512u>::read()
 .text._ZN13BridgeMonitorILj512EE4peekEv
                0x000000000000016c       0x44 /home/arduino/ArduinoApps/mpu-6050/.cache/sketch/sketch/sketch.ino.cpp.o
                0x000000000000016c                BridgeMonitor<512u>::peek()
 .text.k_msleep.constprop.0.isra.0
                0x00000000000001b0        0xc /home/arduino/ArduinoApps/mpu-6050/.cache/sketch/sketch/sketch.ino.cpp.o
 .text._ZN7arduino7msgpack8Unpacker11deserializeEv
                0x00000000000001bc       0x16 /home/arduino/ArduinoApps/mpu-6050/.cache/sketch/sketch/sketch.ino.cpp.o
                0x00000000000001bc                arduino::msgpack::Unpacker::deserialize()
 .text._ZN7arduino7msgpack8Unpacker5clearEv
                0x00000000000001d2       0x14 /home/arduino/ArduinoApps/mpu-6050/.cache/sketch/sketch/sketch.ino.cpp.o
                0x00000000000001d2                arduino::msgpack::Unpacker::clear()
 .text._ZNK7arduino7msgpack8Unpacker13getRawBytePtrEjj
                0x00000000000001e6       0x1e /home/arduino/ArduinoApps/mpu-6050/.cache/sketch/sketch/sketch.ino.cpp.o
                0x00000000000001e6                arduino::msgpack::Unpacker::getRawBytePtr(unsigned int, unsigned int) const
 .text._ZN8RpcErrorC2Ev
                0x0000000000000204       0x2c /home/arduino/ArduinoApps/mpu-6050/.cache/sketch/sketch/sketch.ino.cpp.o
                0x0000000000000204                RpcError::RpcError()
                0x0000000000000204                RpcError::RpcError()
 .text._ZN7arduino7msgpack8UnpackerC2Ev
                0x0000000000000230       0x10 /home/arduino/ArduinoApps/mpu-6050/.cache/sketch/sketch/sketch.ino.cpp.o
                0x0000000000000230                arduino::msgpack::Unpacker::Unpacker()
                0x0000000000000230                arduino::msgpack::Unpacker::Unpacker()
 .text._ZN10RPCRequestILj256EEC2Ev
                0x0000000000000240       0x4c /home/arduino/ArduinoApps/mpu-6050/.cache/sketch/sketch/sketch.ino.cpp.o
                0x0000000000000240                RPCRequest<256u>::RPCRequest()
                0x0000000000000240                RPCRequest<256u>::RPCRequest()
 .text._ZNSt12_Vector_baseIhSaIhEED2Ev
                0x000000000000028c       0x18 /home/arduino/ArduinoApps/mpu-6050/.cache/sketch/sketch/sketch.ino.cpp.o
                0x000000000000028c                std::_Vector_base<unsigned char, std::allocator<unsigned char> >::~_Vector_base()
                0x000000000000028c                std::_Vector_base<unsigned char, std::allocator<unsigned char> >::~_Vector_base()
 .text.__tcf_3  0x00000000000002a4       0x14 /home/arduino/ArduinoApps/mpu-6050/.cache/sketch/sketch/sketch.ino.cpp.o
 .text.__tcf_2  0x00000000000002b8       0x14 /home/arduino/ArduinoApps/mpu-6050/.cache/sketch/sketch/sketch.ino.cpp.o
 .text._ZNSt6vectorIhSaIhEE14_M_move_assignEOS1_St17integral_constantIbLb1EE.isra.0
                0x00000000000002cc       0x34 /home/arduino/ArduinoApps/mpu-6050/.cache/sketch/sketch/sketch.ino.cpp.o
 .text._ZNK7arduino7msgpack8Unpacker11getRawBytesIhEET_jj
                0x0000000000000300       0x1e /home/arduino/ArduinoApps/mpu-6050/.cache/sketch/sketch/sketch.ino.cpp.o
                0x0000000000000300                unsigned char arduino::msgpack::Unpacker::getRawBytes<unsigned char>(unsigned int, unsigned int) const
 *fill*         0x000000000000031e        0x2 
 .text._ZNK7arduino7msgpack8Unpacker7getTypeEj
                0x0000000000000320       0x58 /home/arduino/ArduinoApps/mpu-6050/.cache/sketch/sketch/sketch.ino.cpp.o
                0x0000000000000320                arduino::msgpack::Unpacker::getType(unsigned int) const
 .text._ZNK7arduino7msgpack8Unpacker7getTypeEv
                0x0000000000000378       0x10 /home/arduino/ArduinoApps/mpu-6050/.cache/sketch/sketch/sketch.ino.cpp.o
                0x0000000000000378                arduino::msgpack::Unpacker::getType() const
 .text._ZN7arduino7msgpack8Unpacker11unpackInt32Ev
                0x0000000000000388       0x58 /home/arduino/ArduinoApps/mpu-6050/.cache/sketch/sketch/sketch.ino.cpp.o
                0x0000000000000388                arduino::msgpack::Unpacker::unpackInt32()
 .text._ZN7arduino7msgpack8Unpacker11unpackInt64Ev
                0x00000000000003e0       0x60 /home/arduino/ArduinoApps/mpu-6050/.cache/sketch/sketch/sketch.ino.cpp.o
                0x00000000000003e0                arduino::msgpack::Unpacker::unpackInt64()
 .text._ZN7arduino7msgpack8Unpacker9unpackNilEv
                0x0000000000000440       0x3c /home/arduino/ArduinoApps/mpu-6050/.cache/sketch/sketch/sketch.ino.cpp.o
                0x0000000000000440                arduino::msgpack::Unpacker::unpackNil()
 .text._ZNK7arduino7msgpack8Unpacker7isArrayEv
                0x000000000000047c       0x20 /home/arduino/ArduinoApps/mpu-6050/.cache/sketch/sketch/sketch.ino.cpp.o
                0x000000000000047c                arduino::msgpack::Unpacker::isArray() const
 .text._ZNK7arduino7msgpack8Unpacker5isMapEv
                0x000000000000049c       0x20 /home/arduino/ArduinoApps/mpu-6050/.cache/sketch/sketch/sketch.ino.cpp.o
                0x000000000000049c                arduino::msgpack::Unpacker::isMap() const
 .text._ZNK7arduino7msgpack8Unpacker5isIntEv
                0x00000000000004bc       0x20 /home/arduino/ArduinoApps/mpu-6050/.cache/sketch/sketch/sketch.ino.cpp.o
                0x00000000000004bc                arduino::msgpack::Unpacker::isInt() const
 .text._ZNK7arduino7msgpack8Unpacker6isUIntEv
                0x00000000000004dc       0x20 /home/arduino/ArduinoApps/mpu-6050/.cache/sketch/sketch/sketch.ino.cpp.o
                0x00000000000004dc                arduino::msgpack::Unpacker::isUInt() const
 .text._ZN7arduino7msgpack8Unpacker13unpackFloat32Ev
                0x00000000000004fc       0x60 /home/arduino/ArduinoApps/mpu-6050/.cache/sketch/sketch/sketch.ino.cpp.o
                0x00000000000004fc                arduino::msgpack::Unpacker::unpackFloat32()
 .text._ZN7arduino7msgpack8Unpacker11unpackInt16Ev
                0x000000000000055c       0x4c /home/arduino/ArduinoApps/mpu-6050/.cache/sketch/sketch/sketch.ino.cpp.o
                0x000000000000055c                arduino::msgpack::Unpacker::unpackInt16()
 .text._ZN7arduino7msgpack8Unpacker13unpackFloat64Ev
                0x00000000000005a8       0x6c /home/arduino/ArduinoApps/mpu-6050/.cache/sketch/sketch/sketch.ino.cpp.o
                0x00000000000005a8                arduino::msgpack::Unpacker::unpackFloat64()
 .text._ZN7arduino7msgpack8Unpacker10unpackInt5Ev
                0x0000000000000614       0x4c /home/arduino/ArduinoApps/mpu-6050/.cache/sketch/sketch/sketch.ino.cpp.o
                0x0000000000000614                arduino::msgpack::Unpacker::unpackInt5()
 .text._ZN7arduino7msgpack8Unpacker11unpackUInt7Ev
                0x0000000000000660       0x48 /home/arduino/ArduinoApps/mpu-6050/.cache/sketch/sketch/sketch.ino.cpp.o
                0x0000000000000660                arduino::msgpack::Unpacker::unpackUInt7()
 .text._ZN7arduino7msgpack8Unpacker11unpackUInt8Ev
                0x00000000000006a8       0x48 /home/arduino/ArduinoApps/mpu-6050/.cache/sketch/sketch/sketch.ino.cpp.o
                0x00000000000006a8                arduino::msgpack::Unpacker::unpackUInt8()
 .text._ZNK7arduino7msgpack8Unpacker11getRawBytesItEET_jj
                0x00000000000006f0       0x26 /home/arduino/ArduinoApps/mpu-6050/.cache/sketch/sketch/sketch.ino.cpp.o
                0x00000000000006f0                unsigned short arduino::msgpack::Unpacker::getRawBytes<unsigned short>(unsigned int, unsigned int) const
 *fill*         0x0000000000000716        0x2 
 .text._ZN7arduino7msgpack8Unpacker12unpackUInt16Ev
                0x0000000000000718       0x48 /home/arduino/ArduinoApps/mpu-6050/.cache/sketch/sketch/sketch.ino.cpp.o
                0x0000000000000718                arduino::msgpack::Unpacker::unpackUInt16()
 .text._ZNK7arduino7msgpack8Unpacker11getRawBytesIjEET_jj
                0x0000000000000760       0x34 /home/arduino/ArduinoApps/mpu-6050/.cache/sketch/sketch/sketch.ino.cpp.o
                0x0000000000000760                unsigned int arduino::msgpack::Unpacker::getRawBytes<unsigned int>(unsigned int, unsigned int) const
 .text._ZNK7arduino7msgpack8Unpacker14getElementSizeEj
                0x0000000000000794      0x11c /home/arduino/ArduinoApps/mpu-6050/.cache/sketch/sketch/sketch.ino.cpp.o
                0x0000000000000794                arduino::msgpack::Unpacker::getElementSize(unsigned int) const
 .text._ZN7arduino7msgpack8Unpacker15unpackArraySizeEv
                0x00000000000008b0       0x78 /home/arduino/ArduinoApps/mpu-6050/.cache/sketch/sketch/sketch.ino.cpp.o
                0x00000000000008b0                arduino::msgpack::Unpacker::unpackArraySize()
 .text._ZN7arduino7msgpack8Unpacker11deserializeINS0_4type9ArraySizeEJEEEbRT_DpOT0_.isra.0
                0x0000000000000928       0x40 /home/arduino/ArduinoApps/mpu-6050/.cache/sketch/sketch/sketch.ino.cpp.o
 .text._ZN7arduino7msgpack8Unpacker12unpackUInt32Ev
                0x0000000000000968       0x48 /home/arduino/ArduinoApps/mpu-6050/.cache/sketch/sketch/sketch.ino.cpp.o
                0x0000000000000968                arduino::msgpack::Unpacker::unpackUInt32()
 .text._ZN7arduino7msgpack8Unpacker13unpackMapSizeEv
                0x00000000000009b0       0x78 /home/arduino/ArduinoApps/mpu-6050/.cache/sketch/sketch/sketch.ino.cpp.o
                0x00000000000009b0                arduino::msgpack::Unpacker::unpackMapSize()
 .text._ZNK7arduino7msgpack8Unpacker11getRawBytesIyEET_jj
                0x0000000000000a28       0x3a /home/arduino/ArduinoApps/mpu-6050/.cache/sketch/sketch/sketch.ino.cpp.o
                0x0000000000000a28                unsigned long long arduino::msgpack::Unpacker::getRawBytes<unsigned long long>(unsigned int, unsigned int) const
 *fill*         0x0000000000000a62        0x2 
 .text._ZN7arduino7msgpack8Unpacker12unpackUInt64Ev
                0x0000000000000a64       0x4c /home/arduino/ArduinoApps/mpu-6050/.cache/sketch/sketch/sketch.ino.cpp.o
                0x0000000000000a64                arduino::msgpack::Unpacker::unpackUInt64()
 .text._ZNK7arduino7msgpack8Unpacker11getRawBytesIaEET_jj
                0x0000000000000ab0       0x1e /home/arduino/ArduinoApps/mpu-6050/.cache/sketch/sketch/sketch.ino.cpp.o
                0x0000000000000ab0                signed char arduino::msgpack::Unpacker::getRawBytes<signed char>(unsigned int, unsigned int) const
 *fill*         0x0000000000000ace        0x2 
 .text._ZN7arduino7msgpack8Unpacker10unpackInt8Ev
                0x0000000000000ad0       0x48 /home/arduino/ArduinoApps/mpu-6050/.cache/sketch/sketch/sketch.ino.cpp.o
                0x0000000000000ad0                arduino::msgpack::Unpacker::unpackInt8()
 .text._ZNK7arduino7msgpack8Unpacker13isTimestamp32Ev
                0x0000000000000b18       0x2c /home/arduino/ArduinoApps/mpu-6050/.cache/sketch/sketch/sketch.ino.cpp.o
                0x0000000000000b18                arduino::msgpack::Unpacker::isTimestamp32() const
 .text._ZNK7arduino7msgpack8Unpacker13isTimestamp64Ev
                0x0000000000000b44       0x2c /home/arduino/ArduinoApps/mpu-6050/.cache/sketch/sketch/sketch.ino.cpp.o
                0x0000000000000b44                arduino::msgpack::Unpacker::isTimestamp64() const
 .text._ZNK7arduino7msgpack8Unpacker13isTimestamp96Ev
                0x0000000000000b70       0x40 /home/arduino/ArduinoApps/mpu-6050/.cache/sketch/sketch/sketch.ino.cpp.o
                0x0000000000000b70                arduino::msgpack::Unpacker::isTimestamp96() const
 .text._ZNK7arduino7msgpack8Unpacker11getRawBytesIcEET_jj
                0x0000000000000bb0       0x1e /home/arduino/ArduinoApps/mpu-6050/.cache/sketch/sketch/sketch.ino.cpp.o
                0x0000000000000bb0                char arduino::msgpack::Unpacker::getRawBytes<char>(unsigned int, unsigned int) const
 *fill*         0x0000000000000bce        0x2 
 .text._ZN7arduino7msgpack8Unpacker11deserializeINS0_6object5nil_tEJEEEbRT_DpOT0_
                0x0000000000000bd0       0x40 /home/arduino/ArduinoApps/mpu-6050/.cache/sketch/sketch/sketch.ino.cpp.o
                0x0000000000000bd0                bool arduino::msgpack::Unpacker::deserialize<arduino::msgpack::object::nil_t>(arduino::msgpack::object::nil_t&)
 .text._ZN7arduino7msgpack8Unpacker11deserializeIbJEEEbRT_DpOT0_
                0x0000000000000c10       0x68 /home/arduino/ArduinoApps/mpu-6050/.cache/sketch/sketch/sketch.ino.cpp.o
                0x0000000000000c10                bool arduino::msgpack::Unpacker::deserialize<bool>(bool&)
 .text._ZN7arduino7msgpack8Unpacker11deserializeINS_6StringEJEEEbRT_DpOT0_
                0x0000000000000c78      0x174 /home/arduino/ArduinoApps/mpu-6050/.cache/sketch/sketch/sketch.ino.cpp.o
                0x0000000000000c78                bool arduino::msgpack::Unpacker::deserialize<arduino::String>(arduino::String&)
 .text._ZN7arduino7msgpack8Unpacker11deserializeINS0_6object8timespecEJEEEbRT_DpOT0_
                0x0000000000000dec       0xc4 /home/arduino/ArduinoApps/mpu-6050/.cache/sketch/sketch/sketch.ino.cpp.o
                0x0000000000000dec                bool arduino::msgpack::Unpacker::deserialize<arduino::msgpack::object::timespec>(arduino::msgpack::object::timespec&)
 .text._ZN17RpcDecoderManagerILj3EE10getDecoderER10ITransport
                0x0000000000000eb0       0x74 /home/arduino/ArduinoApps/mpu-6050/.cache/sketch/sketch/sketch.ino.cpp.o
                0x0000000000000eb0                RpcDecoderManager<3u>::getDecoder(ITransport&)
 .text._ZNSt12_Vector_baseIjSaIjEED2Ev
                0x0000000000000f24       0x18 /home/arduino/ArduinoApps/mpu-6050/.cache/sketch/sketch/sketch.ino.cpp.o
                0x0000000000000f24                std::_Vector_base<unsigned int, std::allocator<unsigned int> >::~_Vector_base()
                0x0000000000000f24                std::_Vector_base<unsigned int, std::allocator<unsigned int> >::~_Vector_base()
 .text._ZN10RPCRequestILj256EED2Ev
                0x0000000000000f3c       0x2c /home/arduino/ArduinoApps/mpu-6050/.cache/sketch/sketch/sketch.ino.cpp.o
                0x0000000000000f3c                RPCRequest<256u>::~RPCRequest()
                0x0000000000000f3c                RPCRequest<256u>::~RPCRequest()
 .text._ZNSt6vectorIjSaIjEE17_M_realloc_insertIJRjEEEvN9__gnu_cxx17__normal_iteratorIPjS1_EEDpOT_
                0x0000000000000f68       0xdc /home/arduino/ArduinoApps/mpu-6050/.cache/sketch/sketch/sketch.ino.cpp.o
                0x0000000000000f68                void std::vector<unsigned int, std::allocator<unsigned int> >::_M_realloc_insert<unsigned int&>(__gnu_cxx::__normal_iterator<unsigned int*, std::vector<unsigned int, std::allocator<unsigned int> > >, unsigned int&)
 .text._ZN7arduino7msgpack8Unpacker4feedEPKhj
                0x0000000000001044       0x78 /home/arduino/ArduinoApps/mpu-6050/.cache/sketch/sketch/sketch.ino.cpp.o
                0x0000000000001044                arduino::msgpack::Unpacker::feed(unsigned char const*, unsigned int)
 .text._ZNKSt6vectorIhSaIhEE12_M_check_lenEjPKc
                0x00000000000010bc       0x38 /home/arduino/ArduinoApps/mpu-6050/.cache/sketch/sketch/sketch.ino.cpp.o
                0x00000000000010bc                std::vector<unsigned char, std::allocator<unsigned char> >::_M_check_len(unsigned int, char const*) const
 .text._ZNSt6vectorIhSaIhEE12emplace_backIJRKhEEERhDpOT_.isra.0
                0x00000000000010f4       0x90 /home/arduino/ArduinoApps/mpu-6050/.cache/sketch/sketch/sketch.ino.cpp.o
 .text._ZNSt6vectorIhSaIhEE12emplace_backIJhEEERhDpOT_.isra.0
                0x0000000000001184       0x90 /home/arduino/ArduinoApps/mpu-6050/.cache/sketch/sketch/sketch.ino.cpp.o
 .text._ZN7arduino7msgpack8Unpacker11deserializeISt6vectorIhSaIhEEJEEEbRT_DpOT0_
                0x0000000000001214      0x13c /home/arduino/ArduinoApps/mpu-6050/.cache/sketch/sketch/sketch.ino.cpp.o
                0x0000000000001214                bool arduino::msgpack::Unpacker::deserialize<std::vector<unsigned char, std::allocator<unsigned char> >>(std::vector<unsigned char, std::allocator<unsigned char> >&)
 .text._ZN7arduino7msgpack6Packer11packRawByteERKNS0_4TypeE.isra.0
                0x0000000000001350       0x18 /home/arduino/ArduinoApps/mpu-6050/.cache/sketch/sketch/sketch.ino.cpp.o
 .text._ZN7arduino7msgpack6Packer9packUInt8Eh
                0x0000000000001368       0x2c /home/arduino/ArduinoApps/mpu-6050/.cache/sketch/sketch/sketch.ino.cpp.o
                0x0000000000001368                arduino::msgpack::Packer::packUInt8(unsigned char)
 .text._ZNSt6vectorIhSaIhEE12emplace_backIJRhEEES3_DpOT_.isra.0
                0x0000000000001394       0x90 /home/arduino/ArduinoApps/mpu-6050/.cache/sketch/sketch/sketch.ino.cpp.o
 .text._ZN7arduino7msgpack6Packer9packFloatIfEENSt9enable_ifIXaasrSt13is_arithmeticIT_E5valuesrSt17is_floating_pointIS5_E5valueEvE4typeERKS5_.isra.0
                0x0000000000001424       0x30 /home/arduino/ArduinoApps/mpu-6050/.cache/sketch/sketch/sketch.ino.cpp.o
 .text._ZN7arduino7msgpack6Packer15packRawReversedIjEEvRKT_
                0x0000000000001454       0x1c /home/arduino/ArduinoApps/mpu-6050/.cache/sketch/sketch/sketch.ino.cpp.o
                0x0000000000001454                void arduino::msgpack::Packer::packRawReversed<unsigned int>(unsigned int const&)
 .text._ZN7arduino7msgpack6Packer10packUInt32Ej
                0x0000000000001470       0x28 /home/arduino/ArduinoApps/mpu-6050/.cache/sketch/sketch/sketch.ino.cpp.o
                0x0000000000001470                arduino::msgpack::Packer::packUInt32(unsigned int)
 .text._ZN7arduino7msgpack6Packer15packRawReversedItEEvRKT_
                0x0000000000001498       0x1c /home/arduino/ArduinoApps/mpu-6050/.cache/sketch/sketch/sketch.ino.cpp.o
                0x0000000000001498                void arduino::msgpack::Packer::packRawReversed<unsigned short>(unsigned short const&)
 .text._ZN7arduino7msgpack6Packer13packArraySizeEj
                0x00000000000014b4       0x58 /home/arduino/ArduinoApps/mpu-6050/.cache/sketch/sketch/sketch.ino.cpp.o
                0x00000000000014b4                arduino::msgpack::Packer::packArraySize(unsigned int)
 .text._ZN7arduino7msgpack6Packer10packUInt16Et
                0x000000000000150c       0x2c /home/arduino/ArduinoApps/mpu-6050/.cache/sketch/sketch/sketch.ino.cpp.o
                0x000000000000150c                arduino::msgpack::Packer::packUInt16(unsigned short)
 .text._ZN7arduino7msgpack6Packer11packIntegerIjEENSt9enable_ifIXaaaaaasrSt13is_arithmeticIT_E5valuesrSt11is_integralIS5_E5valuentsrSt7is_sameIS5_bE5valuentsrS9_INSt9remove_cvIS5_E4typeEPcE5valueEvE4typeERKS5_.isra.0
                0x0000000000001538       0x50 /home/arduino/ArduinoApps/mpu-6050/.cache/sketch/sketch/sketch.ino.cpp.o
 .text._ZN7arduino7msgpack6Packer11packIntegerIiEENSt9enable_ifIXaaaaaasrSt13is_arithmeticIT_E5valuesrSt11is_integralIS5_E5valuentsrSt7is_sameIS5_bE5valuentsrS9_INSt9remove_cvIS5_E4typeEPcE5valueEvE4typeERKS5_.isra.0
                0x0000000000001588       0xb8 /home/arduino/ArduinoApps/mpu-6050/.cache/sketch/sketch/sketch.ino.cpp.o
 .text._ZN7arduino7msgpack6Packer12packRawBytesEPKcj
                0x0000000000001640       0x9c /home/arduino/ArduinoApps/mpu-6050/.cache/sketch/sketch/sketch.ino.cpp.o
                0x0000000000001640                arduino::msgpack::Packer::packRawBytes(char const*, unsigned int)
 .text._ZN7arduino7msgpack6Packer4packERKNS_6StringE
                0x00000000000016dc       0x7c /home/arduino/ArduinoApps/mpu-6050/.cache/sketch/sketch/sketch.ino.cpp.o
                0x00000000000016dc                arduino::msgpack::Packer::pack(arduino::String const&)
 .text._ZN7arduino7msgpack6Packer9serializeIJRKiRjRKNS_6StringEEEEvRKNS0_4type9ArraySizeEDpOT_.isra.0
                0x0000000000001758       0x38 /home/arduino/ArduinoApps/mpu-6050/.cache/sketch/sketch/sketch.ino.cpp.o
 .text._ZN7arduino7msgpack8Unpacker9unpackIntIiEENSt9enable_ifIXaaaaaaaasrSt13is_arithmeticIT_E5valuesrSt11is_integralIS5_E5valuentsrSt7is_sameIS5_bE5valuentsrS9_INSt9remove_cvIS5_E4typeEPcE5valuesrSt9is_signedIS5_E5valueES5_E4typeEv
                0x0000000000001790       0xd0 /home/arduino/ArduinoApps/mpu-6050/.cache/sketch/sketch/sketch.ino.cpp.o
                0x0000000000001790                std::enable_if<(((std::is_arithmetic<int>::value&&std::is_integral<int>::value)&&(!std::is_same<int, bool>::value))&&(!std::is_same<std::remove_cv<int>::type, char*>::value))&&std::is_signed<int>::value, int>::type arduino::msgpack::Unpacker::unpackInt<int>()
 .text._ZN7arduino7msgpack8Unpacker11deserializeIiJEEEbRT_DpOT0_
                0x0000000000001860       0x40 /home/arduino/ArduinoApps/mpu-6050/.cache/sketch/sketch/sketch.ino.cpp.o
                0x0000000000001860                bool arduino::msgpack::Unpacker::deserialize<int>(int&)
 .text._ZN7arduino7msgpack8Unpacker11unpackFloatIfEENSt9enable_ifIXaasrSt13is_arithmeticIT_E5valuesrSt17is_floating_pointIS5_E5valueES5_E4typeEv
                0x00000000000018a0      0x118 /home/arduino/ArduinoApps/mpu-6050/.cache/sketch/sketch/sketch.ino.cpp.o
                0x00000000000018a0                std::enable_if<std::is_arithmetic<float>::value&&std::is_floating_point<float>::value, float>::type arduino::msgpack::Unpacker::unpackFloat<float>()
 .text._ZN7arduino7msgpack8Unpacker11unpackFloatIdEENSt9enable_ifIXaasrSt13is_arithmeticIT_E5valuesrSt17is_floating_pointIS5_E5valueES5_E4typeEv
                0x00000000000019b8      0x118 /home/arduino/ArduinoApps/mpu-6050/.cache/sketch/sketch/sketch.ino.cpp.o
                0x00000000000019b8                std::enable_if<std::is_arithmetic<double>::value&&std::is_floating_point<double>::value, double>::type arduino::msgpack::Unpacker::unpackFloat<double>()
 .text._ZN7arduino7msgpack8Unpacker11deserializeINS0_4type9ArraySizeEJRiEEEbRT_DpOT0_
                0x0000000000001ad0       0x44 /home/arduino/ArduinoApps/mpu-6050/.cache/sketch/sketch/sketch.ino.cpp.o
                0x0000000000001ad0                bool arduino::msgpack::Unpacker::deserialize<arduino::msgpack::type::ArraySize, int&>(arduino::msgpack::type::ArraySize&, int&)
 .text._ZNK10RpcDecoderILj1024EE4sendEPKhj
                0x0000000000001b14       0x22 /home/arduino/ArduinoApps/mpu-6050/.cache/sketch/sketch/sketch.ino.cpp.o
                0x0000000000001b14                RpcDecoder<1024u>::send(unsigned char const*, unsigned int) const
 *fill*         0x0000000000001b36        0x2 
 .text._ZN9RPCClient8send_rpcIJEEEbRKN7arduino6StringERjDpOT_.isra.0
                0x0000000000001b38       0x74 /home/arduino/ArduinoApps/mpu-6050/.cache/sketch/sketch/sketch.ino.cpp.o
 .text._ZN9RPCClient8send_rpcIJRKN7arduino6StringEEEEbS4_RjDpOT_.isra.0
                0x0000000000001bac       0x84 /home/arduino/ArduinoApps/mpu-6050/.cache/sketch/sketch/sketch.ino.cpp.o
 .text._ZN9RPCClient8send_rpcIJRKjEEEbRKN7arduino6StringERjDpOT_.isra.0
                0x0000000000001c30       0x84 /home/arduino/ArduinoApps/mpu-6050/.cache/sketch/sketch/sketch.ino.cpp.o
 .text._ZN11BridgeClass6notifyIJRfS1_S1_EEEvN7arduino6StringEDpOT_
                0x0000000000001cb4       0xc8 /home/arduino/ArduinoApps/mpu-6050/.cache/sketch/sketch/sketch.ino.cpp.o
                0x0000000000001cb4                void BridgeClass::notify<float&, float&, float&>(arduino::String, float&, float&, float&)
 .text.loop     0x0000000000001d7c       0xec /home/arduino/ArduinoApps/mpu-6050/.cache/sketch/sketch/sketch.ino.cpp.o
                0x0000000000001d7c                loop
 .text._ZNK9RPCServer13send_responseILj256EEEbRK10RPCRequestIXT_EE.isra.0
                0x0000000000001e68       0x24 /home/arduino/ArduinoApps/mpu-6050/.cache/sketch/sketch/sketch.ino.cpp.o
 .text._ZN10RpcDecoderILj1024EE7consumeEjj
                0x0000000000001e8c       0x36 /home/arduino/ArduinoApps/mpu-6050/.cache/sketch/sketch/sketch.ino.cpp.o
                0x0000000000001e8c                RpcDecoder<1024u>::consume(unsigned int, unsigned int)
 *fill*         0x0000000000001ec2        0x2 
 .text._ZN10RpcDecoderILj1024EE7discardEv
                0x0000000000001ec4       0x2c /home/arduino/ArduinoApps/mpu-6050/.cache/sketch/sketch/sketch.ino.cpp.o
                0x0000000000001ec4                RpcDecoder<1024u>::discard()
 .text._ZN7arduino7msgpack8Unpacker11deserializeI8RpcErrorJRNS0_6object5nil_tEEEEbRT_DpOT0_
                0x0000000000001ef0       0x90 /home/arduino/ArduinoApps/mpu-6050/.cache/sketch/sketch/sketch.ino.cpp.o
                0x0000000000001ef0                bool arduino::msgpack::Unpacker::deserialize<RpcError, arduino::msgpack::object::nil_t&>(RpcError&, arduino::msgpack::object::nil_t&)
 .text._ZN7arduino7msgpack8Unpacker10unpackUIntIjEENSt9enable_ifIXaaaaaaaasrSt13is_arithmeticIT_E5valuesrSt11is_integralIS5_E5valuentsrSt7is_sameIS5_bE5valuentsrS9_INSt9remove_cvIS5_E4typeEPcE5valuentsrSt9is_signedIS5_E5valueES5_E4typeEv
                0x0000000000001f80       0x80 /home/arduino/ArduinoApps/mpu-6050/.cache/sketch/sketch/sketch.ino.cpp.o
                0x0000000000001f80                std::enable_if<(((std::is_arithmetic<unsigned int>::value&&std::is_integral<unsigned int>::value)&&(!std::is_same<unsigned int, bool>::value))&&(!std::is_same<std::remove_cv<unsigned int>::type, char*>::value))&&(!std::is_signed<unsigned int>::value), unsigned int>::type arduino::msgpack::Unpacker::unpackUInt<unsigned int>()
 .text._ZN7arduino7msgpack8Unpacker11deserializeIjJRNS_6StringEEEEbRT_DpOT0_
                0x0000000000002000       0x44 /home/arduino/ArduinoApps/mpu-6050/.cache/sketch/sketch/sketch.ino.cpp.o
                0x0000000000002000                bool arduino::msgpack::Unpacker::deserialize<unsigned int, arduino::String&>(unsigned int&, arduino::String&)
 .text._ZN10RpcDecoderILj1024EE16fetch_rpc_methodEv
                0x0000000000002044       0xe8 /home/arduino/ArduinoApps/mpu-6050/.cache/sketch/sketch/sketch.ino.cpp.o
                0x0000000000002044                RpcDecoder<1024u>::fetch_rpc_method()
 .text._ZN10RPCRequestILj256EE22unpack_request_headersEv
                0x000000000000212c       0xb8 /home/arduino/ArduinoApps/mpu-6050/.cache/sketch/sketch/sketch.ino.cpp.o
                0x000000000000212c                RPCRequest<256u>::unpack_request_headers()
 .text._ZN9RPCServer15process_requestILj256EEEvR10RPCRequestIXT_EE
                0x00000000000021e4      0x138 /home/arduino/ArduinoApps/mpu-6050/.cache/sketch/sketch/sketch.ino.cpp.o
                0x00000000000021e4                void RPCServer::process_request<256u>(RPCRequest<256u>&)
 .text._ZN7arduino7msgpack8Unpacker11deserializeIjJEEEbRT_DpOT0_
                0x000000000000231c       0x40 /home/arduino/ArduinoApps/mpu-6050/.cache/sketch/sketch/sketch.ino.cpp.o
                0x000000000000231c                bool arduino::msgpack::Unpacker::deserialize<unsigned int>(unsigned int&)
 .text._ZN7arduino7msgpack8Unpacker11deserializeINS0_4type9ArraySizeEJRiRjEEEbRT_DpOT0_
                0x000000000000235c       0x78 /home/arduino/ArduinoApps/mpu-6050/.cache/sketch/sketch/sketch.ino.cpp.o
                0x000000000000235c                bool arduino::msgpack::Unpacker::deserialize<arduino::msgpack::type::ArraySize, int&, unsigned int&>(arduino::msgpack::type::ArraySize&, int&, unsigned int&)
 .text._ZN10RpcDecoderILj1024EE12get_responseIN7arduino7msgpack6object5nil_tEEEbjRT_R8RpcError
                0x00000000000023d4      0x168 /home/arduino/ArduinoApps/mpu-6050/.cache/sketch/sketch/sketch.ino.cpp.o
                0x00000000000023d4                bool RpcDecoder<1024u>::get_response<arduino::msgpack::object::nil_t>(unsigned int, arduino::msgpack::object::nil_t&, RpcError&)
 .text._ZN10RpcDecoderILj1024EE12get_responseIbEEbjRT_R8RpcError
                0x000000000000253c      0x168 /home/arduino/ArduinoApps/mpu-6050/.cache/sketch/sketch/sketch.ino.cpp.o
                0x000000000000253c                bool RpcDecoder<1024u>::get_response<bool>(unsigned int, bool&, RpcError&)
 .text._ZNSt11__copy_moveILb0ELb1ESt26random_access_iterator_tagE8__copy_mIhEEPT_PKS3_S6_S4_
                0x00000000000026a4       0x1c /home/arduino/ArduinoApps/mpu-6050/.cache/sketch/sketch/sketch.ino.cpp.o
                0x00000000000026a4                unsigned char* std::__copy_move<false, true, std::random_access_iterator_tag>::__copy_m<unsigned char>(unsigned char const*, unsigned char const*, unsigned char*)
 .text._ZNSt11__copy_moveILb1ELb1ESt26random_access_iterator_tagE8__copy_mIhEEPT_PKS3_S6_S4_
                0x00000000000026c0       0x1c /home/arduino/ArduinoApps/mpu-6050/.cache/sketch/sketch/sketch.ino.cpp.o
                0x00000000000026c0                unsigned char* std::__copy_move<true, true, std::random_access_iterator_tag>::__copy_m<unsigned char>(unsigned char const*, unsigned char const*, unsigned char*)
 .text._ZN7arduino7msgpack6object3extC2EaPKhj
                0x00000000000026dc      0x104 /home/arduino/ArduinoApps/mpu-6050/.cache/sketch/sketch/sketch.ino.cpp.o
                0x00000000000026dc                arduino::msgpack::object::ext::ext(signed char, unsigned char const*, unsigned int)
                0x00000000000026dc                arduino::msgpack::object::ext::ext(signed char, unsigned char const*, unsigned int)
 .text._ZN7arduino7msgpack8Unpacker9unpackExtEv
                0x00000000000027e0      0x178 /home/arduino/ArduinoApps/mpu-6050/.cache/sketch/sketch/sketch.ino.cpp.o
                0x00000000000027e0                arduino::msgpack::Unpacker::unpackExt()
 .text._ZN8RpcUtils6detail12unpackObjectERN7arduino7msgpack8UnpackerE
                0x0000000000002958      0x294 /home/arduino/ArduinoApps/mpu-6050/.cache/sketch/sketch/sketch.ino.cpp.o
                0x0000000000002958                RpcUtils::detail::unpackObject(arduino::msgpack::Unpacker&)
 .text._ZN10RpcDecoderILj1024EE12parse_packetEv
                0x0000000000002bec       0xf8 /home/arduino/ArduinoApps/mpu-6050/.cache/sketch/sketch/sketch.ino.cpp.o
                0x0000000000002bec                RpcDecoder<1024u>::parse_packet()
 .text._ZN10RpcDecoderILj1024EE6decodeEv
                0x0000000000002ce4       0x40 /home/arduino/ArduinoApps/mpu-6050/.cache/sketch/sketch/sketch.ino.cpp.o
                0x0000000000002ce4                RpcDecoder<1024u>::decode()
 .text._ZN9RPCServer7get_rpcILj256EEEbR10RPCRequestIXT_EEN7arduino6StringE
                0x0000000000002d24       0xc4 /home/arduino/ArduinoApps/mpu-6050/.cache/sketch/sketch/sketch.ino.cpp.o
                0x0000000000002d24                bool RPCServer::get_rpc<256u>(RPCRequest<256u>&, arduino::String)
 .text._ZN11BridgeClass11update_safeEv
                0x0000000000002de8       0xb0 /home/arduino/ArduinoApps/mpu-6050/.cache/sketch/sketch/sketch.ino.cpp.o
                0x0000000000002de8                BridgeClass::update_safe()
 .text._Z10__loopHookv
                0x0000000000002e98       0x20 /home/arduino/ArduinoApps/mpu-6050/.cache/sketch/sketch/sketch.ino.cpp.o
                0x0000000000002e98                __loopHook()
 .text._ZN11BridgeClass6updateEv
                0x0000000000002eb8       0xb0 /home/arduino/ArduinoApps/mpu-6050/.cache/sketch/sketch/sketch.ino.cpp.o
                0x0000000000002eb8                BridgeClass::update()
 .text._Z16updateEntryPointPvS_S_
                0x0000000000002f68       0x24 /home/arduino/ArduinoApps/mpu-6050/.cache/sketch/sketch/sketch.ino.cpp.o
                0x0000000000002f68                updateEntryPoint(void*, void*, void*)
 .text._ZN9RPCClient12get_responseIN7arduino7msgpack6object5nil_tEEEbjRT_R8RpcError
                0x0000000000002f8c       0x40 /home/arduino/ArduinoApps/mpu-6050/.cache/sketch/sketch/sketch.ino.cpp.o
                0x0000000000002f8c                bool RPCClient::get_response<arduino::msgpack::object::nil_t>(unsigned int, arduino::msgpack::object::nil_t&, RpcError&)
 .text._ZN9RpcResultIJEED2Ev
                0x0000000000002fcc       0x9c /home/arduino/ArduinoApps/mpu-6050/.cache/sketch/sketch/sketch.ino.cpp.o
                0x0000000000002fcc                RpcResult<>::~RpcResult()
                0x0000000000002fcc                RpcResult<>::~RpcResult()
 .text._ZN9RpcResultIJEE6resultIbEEbRT_.isra.0
                0x0000000000003068       0xb0 /home/arduino/ArduinoApps/mpu-6050/.cache/sketch/sketch/sketch.ino.cpp.o
 .text._ZN11BridgeClass5beginEm
                0x0000000000003118      0x154 /home/arduino/ArduinoApps/mpu-6050/.cache/sketch/sketch/sketch.ino.cpp.o
                0x0000000000003118                BridgeClass::begin(unsigned long)
 .text._ZN8RpcUtils6detail9unpackMapERN7arduino7msgpack8UnpackerERj
                0x000000000000326c       0x80 /home/arduino/ArduinoApps/mpu-6050/.cache/sketch/sketch/sketch.ino.cpp.o
                0x000000000000326c                RpcUtils::detail::unpackMap(arduino::msgpack::Unpacker&, unsigned int&)
 .text._ZN10RpcDecoderILj1024EE12get_responseIjEEbjRT_R8RpcError
                0x00000000000032ec      0x168 /home/arduino/ArduinoApps/mpu-6050/.cache/sketch/sketch/sketch.ino.cpp.o
                0x00000000000032ec                bool RpcDecoder<1024u>::get_response<unsigned int>(unsigned int, unsigned int&, RpcError&)
 .text._ZN9RpcResultIJRN7arduino6StringEEE6resultIjEEbRT_
                0x0000000000003454       0xbc /home/arduino/ArduinoApps/mpu-6050/.cache/sketch/sketch/sketch.ino.cpp.o
                0x0000000000003454                bool RpcResult<arduino::String&>::result<unsigned int>(unsigned int&)
 .text._ZN13BridgeMonitorILj512EE5writeEPKhj
                0x0000000000003510      0x128 /home/arduino/ArduinoApps/mpu-6050/.cache/sketch/sketch/sketch.ino.cpp.o
                0x0000000000003510                BridgeMonitor<512u>::write(unsigned char const*, unsigned int)
 .text._ZN10RpcDecoderILj1024EE12get_responseISt6vectorIhSaIhEEEEbjRT_R8RpcError
                0x0000000000003638      0x168 /home/arduino/ArduinoApps/mpu-6050/.cache/sketch/sketch/sketch.ino.cpp.o
                0x0000000000003638                bool RpcDecoder<1024u>::get_response<std::vector<unsigned char, std::allocator<unsigned char> > >(unsigned int, std::vector<unsigned char, std::allocator<unsigned char> >&, RpcError&)
 .text._ZN9RpcResultIJRjEE6resultISt6vectorIhSaIhEEEEbRT_
                0x00000000000037a0       0xbc /home/arduino/ArduinoApps/mpu-6050/.cache/sketch/sketch/sketch.ino.cpp.o
                0x00000000000037a0                bool RpcResult<unsigned int&>::result<std::vector<unsigned char, std::allocator<unsigned char> > >(std::vector<unsigned char, std::allocator<unsigned char> >&)
 .text._ZN13BridgeMonitorILj512EE5_readEj
                0x000000000000385c      0x15c /home/arduino/ArduinoApps/mpu-6050/.cache/sketch/sketch/sketch.ino.cpp.o
                0x000000000000385c                BridgeMonitor<512u>::_read(unsigned int)
 .text._ZN13BridgeMonitorILj512EE9availableEv
                0x00000000000039b8       0x44 /home/arduino/ArduinoApps/mpu-6050/.cache/sketch/sketch/sketch.ino.cpp.o
                0x00000000000039b8                BridgeMonitor<512u>::available()
 .text._GLOBAL__sub_I_Bridge
                0x00000000000039fc       0xd4 /home/arduino/ArduinoApps/mpu-6050/.cache/sketch/sketch/sketch.ino.cpp.o
 .text._GLOBAL__sub_D_Bridge
                0x0000000000003ad0       0x2c /home/arduino/ArduinoApps/mpu-6050/.cache/sketch/sketch/sketch.ino.cpp.o
 .text.setup    0x0000000000003afc      0x11c /home/arduino/ArduinoApps/mpu-6050/.cache/sketch/sketch/sketch.ino.cpp.o
                0x0000000000003afc                setup
 .text._ZN23Adafruit_BusIO_RegisterC2EP18Adafruit_I2CDevicethhh
                0x0000000000003c18       0x1c /home/arduino/ArduinoApps/mpu-6050/.cache/sketch/libraries/Adafruit BusIO/Adafruit_BusIO_Register.cpp.o
                0x0000000000003c18                Adafruit_BusIO_Register::Adafruit_BusIO_Register(Adafruit_I2CDevice*, unsigned short, unsigned char, unsigned char, unsigned char)
                0x0000000000003c18                Adafruit_BusIO_Register::Adafruit_BusIO_Register(Adafruit_I2CDevice*, unsigned short, unsigned char, unsigned char, unsigned char)
 .text._ZN23Adafruit_BusIO_Register5writeEPhh
                0x0000000000003c34       0xa8 /home/arduino/ArduinoApps/mpu-6050/.cache/sketch/libraries/Adafruit BusIO/Adafruit_BusIO_Register.cpp.o
                0x0000000000003c34                Adafruit_BusIO_Register::write(unsigned char*, unsigned char)
 .text._ZN23Adafruit_BusIO_Register5writeEjh
                0x0000000000003cdc       0x40 /home/arduino/ArduinoApps/mpu-6050/.cache/sketch/libraries/Adafruit BusIO/Adafruit_BusIO_Register.cpp.o
                0x0000000000003cdc                Adafruit_BusIO_Register::write(unsigned int, unsigned char)
 .text._ZN23Adafruit_BusIO_Register4readEPhh
                0x0000000000003d1c       0x94 /home/arduino/ArduinoApps/mpu-6050/.cache/sketch/libraries/Adafruit BusIO/Adafruit_BusIO_Register.cpp.o
                0x0000000000003d1c                Adafruit_BusIO_Register::read(unsigned char*, unsigned char)
 .text._ZN23Adafruit_BusIO_Register4readEv
                0x0000000000003db0       0x40 /home/arduino/ArduinoApps/mpu-6050/.cache/sketch/libraries/Adafruit BusIO/Adafruit_BusIO_Register.cpp.o
                0x0000000000003db0                Adafruit_BusIO_Register::read()
 .text._ZN27Adafruit_BusIO_RegisterBitsC2EP23Adafruit_BusIO_Registerhh
                0x0000000000003df0        0xa /home/arduino/ArduinoApps/mpu-6050/.cache/sketch/libraries/Adafruit BusIO/Adafruit_BusIO_Register.cpp.o
                0x0000000000003df0                Adafruit_BusIO_RegisterBits::Adafruit_BusIO_RegisterBits(Adafruit_BusIO_Register*, unsigned char, unsigned char)
                0x0000000000003df0                Adafruit_BusIO_RegisterBits::Adafruit_BusIO_RegisterBits(Adafruit_BusIO_Register*, unsigned char, unsigned char)
 *fill*         0x0000000000003dfa        0x2 
 .text._ZN27Adafruit_BusIO_RegisterBits4readEv
                0x0000000000003dfc       0x20 /home/arduino/ArduinoApps/mpu-6050/.cache/sketch/libraries/Adafruit BusIO/Adafruit_BusIO_Register.cpp.o
                0x0000000000003dfc                Adafruit_BusIO_RegisterBits::read()
 .text._ZN27Adafruit_BusIO_RegisterBits5writeEj
                0x0000000000003e1c       0x38 /home/arduino/ArduinoApps/mpu-6050/.cache/sketch/libraries/Adafruit BusIO/Adafruit_BusIO_Register.cpp.o
                0x0000000000003e1c                Adafruit_BusIO_RegisterBits::write(unsigned int)
 .text._ZN22Adafruit_GenericDevice12readRegisterEPhhS0_t
                0x0000000000003e54       0x1e /home/arduino/ArduinoApps/mpu-6050/.cache/sketch/libraries/Adafruit BusIO/Adafruit_GenericDevice.cpp.o
                0x0000000000003e54                Adafruit_GenericDevice::readRegister(unsigned char*, unsigned char, unsigned char*, unsigned short)
 .text._ZN22Adafruit_GenericDevice13writeRegisterEPhhPKht
                0x0000000000003e72       0x1e /home/arduino/ArduinoApps/mpu-6050/.cache/sketch/libraries/Adafruit BusIO/Adafruit_GenericDevice.cpp.o
                0x0000000000003e72                Adafruit_GenericDevice::writeRegister(unsigned char*, unsigned char, unsigned char const*, unsigned short)
 .text._ZN18Adafruit_I2CDeviceC2EhPN7arduino9ZephyrI2CE
                0x0000000000003e90        0xe /home/arduino/ArduinoApps/mpu-6050/.cache/sketch/libraries/Adafruit BusIO/Adafruit_I2CDevice.cpp.o
                0x0000000000003e90                Adafruit_I2CDevice::Adafruit_I2CDevice(unsigned char, arduino::ZephyrI2C*)
                0x0000000000003e90                Adafruit_I2CDevice::Adafruit_I2CDevice(unsigned char, arduino::ZephyrI2C*)
 *fill*         0x0000000000003e9e        0x2 
 .text._ZN18Adafruit_I2CDevice8detectedEv
                0x0000000000003ea0       0x34 /home/arduino/ArduinoApps/mpu-6050/.cache/sketch/libraries/Adafruit BusIO/Adafruit_I2CDevice.cpp.o
                0x0000000000003ea0                Adafruit_I2CDevice::detected()
 .text._ZN18Adafruit_I2CDevice5beginEb
                0x0000000000003ed4       0x24 /home/arduino/ArduinoApps/mpu-6050/.cache/sketch/libraries/Adafruit BusIO/Adafruit_I2CDevice.cpp.o
                0x0000000000003ed4                Adafruit_I2CDevice::begin(bool)
 .text._ZN18Adafruit_I2CDevice5writeEPKhjbS1_j
                0x0000000000003ef8       0x64 /home/arduino/ArduinoApps/mpu-6050/.cache/sketch/libraries/Adafruit BusIO/Adafruit_I2CDevice.cpp.o
                0x0000000000003ef8                Adafruit_I2CDevice::write(unsigned char const*, unsigned int, bool, unsigned char const*, unsigned int)
 .text._ZN18Adafruit_I2CDevice5_readEPhjb
                0x0000000000003f5c       0x40 /home/arduino/ArduinoApps/mpu-6050/.cache/sketch/libraries/Adafruit BusIO/Adafruit_I2CDevice.cpp.o
                0x0000000000003f5c                Adafruit_I2CDevice::_read(unsigned char*, unsigned int, bool)
 .text._ZN18Adafruit_I2CDevice4readEPhjb
                0x0000000000003f9c       0x48 /home/arduino/ArduinoApps/mpu-6050/.cache/sketch/libraries/Adafruit BusIO/Adafruit_I2CDevice.cpp.o
                0x0000000000003f9c                Adafruit_I2CDevice::read(unsigned char*, unsigned int, bool)
 .text._ZN18Adafruit_I2CDevice15write_then_readEPKhjPhjb
                0x0000000000003fe4       0x38 /home/arduino/ArduinoApps/mpu-6050/.cache/sketch/libraries/Adafruit BusIO/Adafruit_I2CDevice.cpp.o
                0x0000000000003fe4                Adafruit_I2CDevice::write_then_read(unsigned char const*, unsigned int, unsigned char*, unsigned int, bool)
 .text._ZN18Adafruit_SPIDevice8transferEPhj
                0x000000000000401c      0x178 /home/arduino/ArduinoApps/mpu-6050/.cache/sketch/libraries/Adafruit BusIO/Adafruit_SPIDevice.cpp.o
                0x000000000000401c                Adafruit_SPIDevice::transfer(unsigned char*, unsigned int)
 .text._ZN18Adafruit_SPIDevice8transferEh
                0x0000000000004194       0x20 /home/arduino/ArduinoApps/mpu-6050/.cache/sketch/libraries/Adafruit BusIO/Adafruit_SPIDevice.cpp.o
                0x0000000000004194                Adafruit_SPIDevice::transfer(unsigned char)
 .text._ZN18Adafruit_SPIDevice16beginTransactionEv
                0x00000000000041b4       0x20 /home/arduino/ArduinoApps/mpu-6050/.cache/sketch/libraries/Adafruit BusIO/Adafruit_SPIDevice.cpp.o
                0x00000000000041b4                Adafruit_SPIDevice::beginTransaction()
 .text._ZN18Adafruit_SPIDevice14endTransactionEv
                0x00000000000041d4        0xc /home/arduino/ArduinoApps/mpu-6050/.cache/sketch/libraries/Adafruit BusIO/Adafruit_SPIDevice.cpp.o
                0x00000000000041d4                Adafruit_SPIDevice::endTransaction()
 .text._ZN18Adafruit_SPIDevice13setChipSelectEi
                0x00000000000041e0       0x18 /home/arduino/ArduinoApps/mpu-6050/.cache/sketch/libraries/Adafruit BusIO/Adafruit_SPIDevice.cpp.o
                0x00000000000041e0                Adafruit_SPIDevice::setChipSelect(int)
 .text._ZN18Adafruit_SPIDevice31beginTransactionWithAssertingCSEv
                0x00000000000041f8       0x1c /home/arduino/ArduinoApps/mpu-6050/.cache/sketch/libraries/Adafruit BusIO/Adafruit_SPIDevice.cpp.o
                0x00000000000041f8                Adafruit_SPIDevice::beginTransactionWithAssertingCS()
 .text._ZN18Adafruit_SPIDevice31endTransactionWithDeassertingCSEv
                0x0000000000004214       0x1c /home/arduino/ArduinoApps/mpu-6050/.cache/sketch/libraries/Adafruit BusIO/Adafruit_SPIDevice.cpp.o
                0x0000000000004214                Adafruit_SPIDevice::endTransactionWithDeassertingCS()
 .text._ZN18Adafruit_SPIDevice5writeEPKhjS1_j
                0x0000000000004230       0x54 /home/arduino/ArduinoApps/mpu-6050/.cache/sketch/libraries/Adafruit BusIO/Adafruit_SPIDevice.cpp.o
                0x0000000000004230                Adafruit_SPIDevice::write(unsigned char const*, unsigned int, unsigned char const*, unsigned int)
 .text._ZN18Adafruit_SPIDevice15write_then_readEPKhjPhjh
                0x0000000000004284       0x58 /home/arduino/ArduinoApps/mpu-6050/.cache/sketch/libraries/Adafruit BusIO/Adafruit_SPIDevice.cpp.o
                0x0000000000004284                Adafruit_SPIDevice::write_then_read(unsigned char const*, unsigned int, unsigned char*, unsigned int, unsigned char)
 .text._ZN15Adafruit_Sensor15enableAutoRangeEb
                0x00000000000042dc        0x2 /home/arduino/ArduinoApps/mpu-6050/.cache/sketch/libraries/Adafruit MPU6050/Adafruit_MPU6050.cpp.o
                0x00000000000042dc                Adafruit_Sensor::enableAutoRange(bool)
 .text._ZN21Adafruit_MPU6050_GyroD2Ev
                0x00000000000042de        0x2 /home/arduino/ArduinoApps/mpu-6050/.cache/sketch/libraries/Adafruit MPU6050/Adafruit_MPU6050.cpp.o
                0x00000000000042de                Adafruit_MPU6050_Gyro::~Adafruit_MPU6050_Gyro()
                0x00000000000042de                Adafruit_MPU6050_Gyro::~Adafruit_MPU6050_Gyro()
 .text._ZN30Adafruit_MPU6050_AccelerometerD2Ev
                0x00000000000042e0        0x2 /home/arduino/ArduinoApps/mpu-6050/.cache/sketch/libraries/Adafruit MPU6050/Adafruit_MPU6050.cpp.o
                0x00000000000042e0                Adafruit_MPU6050_Accelerometer::~Adafruit_MPU6050_Accelerometer()
                0x00000000000042e0                Adafruit_MPU6050_Accelerometer::~Adafruit_MPU6050_Accelerometer()
 .text._ZN21Adafruit_MPU6050_TempD2Ev
                0x00000000000042e2        0x2 /home/arduino/ArduinoApps/mpu-6050/.cache/sketch/libraries/Adafruit MPU6050/Adafruit_MPU6050.cpp.o
                0x00000000000042e2                Adafruit_MPU6050_Temp::~Adafruit_MPU6050_Temp()
                0x00000000000042e2                Adafruit_MPU6050_Temp::~Adafruit_MPU6050_Temp()
 .text._ZN21Adafruit_MPU6050_TempD0Ev
                0x00000000000042e4       0x14 /home/arduino/ArduinoApps/mpu-6050/.cache/sketch/libraries/Adafruit MPU6050/Adafruit_MPU6050.cpp.o
                0x00000000000042e4                Adafruit_MPU6050_Temp::~Adafruit_MPU6050_Temp()
 .text._ZN30Adafruit_MPU6050_AccelerometerD0Ev
                0x00000000000042f8       0x14 /home/arduino/ArduinoApps/mpu-6050/.cache/sketch/libraries/Adafruit MPU6050/Adafruit_MPU6050.cpp.o
                0x00000000000042f8                Adafruit_MPU6050_Accelerometer::~Adafruit_MPU6050_Accelerometer()
 .text._ZN21Adafruit_MPU6050_GyroD0Ev
                0x000000000000430c       0x14 /home/arduino/ArduinoApps/mpu-6050/.cache/sketch/libraries/Adafruit MPU6050/Adafruit_MPU6050.cpp.o
                0x000000000000430c                Adafruit_MPU6050_Gyro::~Adafruit_MPU6050_Gyro()
 .text._ZN21Adafruit_MPU6050_Gyro9getSensorEP8sensor_t
                0x0000000000004320       0x50 /home/arduino/ArduinoApps/mpu-6050/.cache/sketch/libraries/Adafruit MPU6050/Adafruit_MPU6050.cpp.o
                0x0000000000004320                Adafruit_MPU6050_Gyro::getSensor(sensor_t*)
 .text._ZN30Adafruit_MPU6050_Accelerometer9getSensorEP8sensor_t
                0x0000000000004370       0x4c /home/arduino/ArduinoApps/mpu-6050/.cache/sketch/libraries/Adafruit MPU6050/Adafruit_MPU6050.cpp.o
                0x0000000000004370                Adafruit_MPU6050_Accelerometer::getSensor(sensor_t*)
 .text._ZN21Adafruit_MPU6050_Temp9getSensorEP8sensor_t
                0x00000000000043bc       0x50 /home/arduino/ArduinoApps/mpu-6050/.cache/sketch/libraries/Adafruit MPU6050/Adafruit_MPU6050.cpp.o
                0x00000000000043bc                Adafruit_MPU6050_Temp::getSensor(sensor_t*)
 .text._ZN16Adafruit_MPU6050C2Ev
                0x000000000000440c       0x14 /home/arduino/ArduinoApps/mpu-6050/.cache/sketch/libraries/Adafruit MPU6050/Adafruit_MPU6050.cpp.o
                0x000000000000440c                Adafruit_MPU6050::Adafruit_MPU6050()
                0x000000000000440c                Adafruit_MPU6050::Adafruit_MPU6050()
 .text._ZN16Adafruit_MPU6050D2Ev
                0x0000000000004420       0x3c /home/arduino/ArduinoApps/mpu-6050/.cache/sketch/libraries/Adafruit MPU6050/Adafruit_MPU6050.cpp.o
                0x0000000000004420                Adafruit_MPU6050::~Adafruit_MPU6050()
                0x0000000000004420                Adafruit_MPU6050::~Adafruit_MPU6050()
 .text._ZN16Adafruit_MPU60505resetEv
                0x000000000000445c       0x7c /home/arduino/ArduinoApps/mpu-6050/.cache/sketch/libraries/Adafruit MPU6050/Adafruit_MPU6050.cpp.o
                0x000000000000445c                Adafruit_MPU6050::reset()
 .text._ZN16Adafruit_MPU605020setSampleRateDivisorEh
                0x00000000000044d8       0x30 /home/arduino/ArduinoApps/mpu-6050/.cache/sketch/libraries/Adafruit MPU6050/Adafruit_MPU6050.cpp.o
                0x00000000000044d8                Adafruit_MPU6050::setSampleRateDivisor(unsigned char)
 .text._ZN16Adafruit_MPU605021getAccelerometerRangeEv
                0x0000000000004508       0x3c /home/arduino/ArduinoApps/mpu-6050/.cache/sketch/libraries/Adafruit MPU6050/Adafruit_MPU6050.cpp.o
                0x0000000000004508                Adafruit_MPU6050::getAccelerometerRange()
 .text._ZN16Adafruit_MPU605021setAccelerometerRangeE21mpu6050_accel_range_t
                0x0000000000004544       0x3c /home/arduino/ArduinoApps/mpu-6050/.cache/sketch/libraries/Adafruit MPU6050/Adafruit_MPU6050.cpp.o
                0x0000000000004544                Adafruit_MPU6050::setAccelerometerRange(mpu6050_accel_range_t)
 .text._ZN16Adafruit_MPU605012getGyroRangeEv
                0x0000000000004580       0x3c /home/arduino/ArduinoApps/mpu-6050/.cache/sketch/libraries/Adafruit MPU6050/Adafruit_MPU6050.cpp.o
                0x0000000000004580                Adafruit_MPU6050::getGyroRange()
 .text._ZN16Adafruit_MPU605012setGyroRangeE20mpu6050_gyro_range_t
                0x00000000000045bc       0x3c /home/arduino/ArduinoApps/mpu-6050/.cache/sketch/libraries/Adafruit MPU6050/Adafruit_MPU6050.cpp.o
                0x00000000000045bc                Adafruit_MPU6050::setGyroRange(mpu6050_gyro_range_t)
 .text._ZN16Adafruit_MPU605018setFilterBandwidthE19mpu6050_bandwidth_t
                0x00000000000045f8       0x3c /home/arduino/ArduinoApps/mpu-6050/.cache/sketch/libraries/Adafruit MPU6050/Adafruit_MPU6050.cpp.o
                0x00000000000045f8                Adafruit_MPU6050::setFilterBandwidth(mpu6050_bandwidth_t)
 .text._ZN16Adafruit_MPU60505_initEi
                0x0000000000004634       0xe8 /home/arduino/ArduinoApps/mpu-6050/.cache/sketch/libraries/Adafruit MPU6050/Adafruit_MPU6050.cpp.o
                0x0000000000004634                Adafruit_MPU6050::_init(int)
 .text._ZN16Adafruit_MPU60505beginEhPN7arduino9ZephyrI2CEi
                0x000000000000471c       0x94 /home/arduino/ArduinoApps/mpu-6050/.cache/sketch/libraries/Adafruit MPU6050/Adafruit_MPU6050.cpp.o
                0x000000000000471c                Adafruit_MPU6050::begin(unsigned char, arduino::ZephyrI2C*, int)
 .text._ZN16Adafruit_MPU60505_readEv
                0x00000000000047b0      0x1ac /home/arduino/ArduinoApps/mpu-6050/.cache/sketch/libraries/Adafruit MPU6050/Adafruit_MPU6050.cpp.o
                0x00000000000047b0                Adafruit_MPU6050::_read()
 .text._ZN16Adafruit_MPU605013fillTempEventEP15sensors_event_tj
                0x000000000000495c       0x2c /home/arduino/ArduinoApps/mpu-6050/.cache/sketch/libraries/Adafruit MPU6050/Adafruit_MPU6050.cpp.o
                0x000000000000495c                Adafruit_MPU6050::fillTempEvent(sensors_event_t*, unsigned int)
 .text._ZN21Adafruit_MPU6050_Temp8getEventEP15sensors_event_t
                0x0000000000004988       0x2c /home/arduino/ArduinoApps/mpu-6050/.cache/sketch/libraries/Adafruit MPU6050/Adafruit_MPU6050.cpp.o
                0x0000000000004988                Adafruit_MPU6050_Temp::getEvent(sensors_event_t*)
 .text._ZN16Adafruit_MPU605014fillAccelEventEP15sensors_event_tj
                0x00000000000049b4       0x50 /home/arduino/ArduinoApps/mpu-6050/.cache/sketch/libraries/Adafruit MPU6050/Adafruit_MPU6050.cpp.o
                0x00000000000049b4                Adafruit_MPU6050::fillAccelEvent(sensors_event_t*, unsigned int)
 .text._ZN30Adafruit_MPU6050_Accelerometer8getEventEP15sensors_event_t
                0x0000000000004a04       0x2c /home/arduino/ArduinoApps/mpu-6050/.cache/sketch/libraries/Adafruit MPU6050/Adafruit_MPU6050.cpp.o
                0x0000000000004a04                Adafruit_MPU6050_Accelerometer::getEvent(sensors_event_t*)
 .text._ZN16Adafruit_MPU605013fillGyroEventEP15sensors_event_tj
                0x0000000000004a30       0x54 /home/arduino/ArduinoApps/mpu-6050/.cache/sketch/libraries/Adafruit MPU6050/Adafruit_MPU6050.cpp.o
                0x0000000000004a30                Adafruit_MPU6050::fillGyroEvent(sensors_event_t*, unsigned int)
 .text._ZN16Adafruit_MPU60508getEventEP15sensors_event_tS1_S1_
                0x0000000000004a84       0x50 /home/arduino/ArduinoApps/mpu-6050/.cache/sketch/libraries/Adafruit MPU6050/Adafruit_MPU6050.cpp.o
                0x0000000000004a84                Adafruit_MPU6050::getEvent(sensors_event_t*, sensors_event_t*, sensors_event_t*)
 .text._ZN21Adafruit_MPU6050_Gyro8getEventEP15sensors_event_t
                0x0000000000004ad4       0x2c /home/arduino/ArduinoApps/mpu-6050/.cache/sketch/libraries/Adafruit MPU6050/Adafruit_MPU6050.cpp.o
                0x0000000000004ad4                Adafruit_MPU6050_Gyro::getEvent(sensors_event_t*)
 .text._GLOBAL__sub_I__ZN11HS300xClass15_measurementReqEv
                0x0000000000004b00       0x10 /home/arduino/ArduinoApps/mpu-6050/.cache/sketch/libraries/Arduino_HS300x/HS300x.cpp.o
 .text._GLOBAL__sub_I__ZN12LPS22HBClassC2ERN7arduino9ZephyrI2CE
                0x0000000000004b10       0x14 /home/arduino/ArduinoApps/mpu-6050/.cache/sketch/libraries/Arduino_LPS22HB/BARO.cpp.o
 .text._GLOBAL__sub_I__ZN13LSM6DSOXClassC2ERN7arduino9ZephyrI2CEh
                0x0000000000004b24       0x28 /home/arduino/ArduinoApps/mpu-6050/.cache/sketch/libraries/Arduino_LSM6DSOX/LSM6DSOX.cpp.o
 .text._GLOBAL__sub_I_Modulino
                0x0000000000004b4c       0x44 /home/arduino/ArduinoApps/mpu-6050/.cache/sketch/libraries/Arduino_Modulino/Modulino.cpp.o
 .text._ZN7arduino9ZephyrI2C5writeEi
                0x0000000000004b90        0x8 /home/arduino/ArduinoApps/mpu-6050/.cache/sketch/libraries/Wire/Wire.cpp.o
                0x0000000000004b90                arduino::ZephyrI2C::write(int)
 .text._ZN7arduino9ZephyrI2C5beginEv
                0x0000000000004b98        0x2 /home/arduino/ArduinoApps/mpu-6050/.cache/sketch/libraries/Wire/Wire.cpp.o
                0x0000000000004b98                arduino::ZephyrI2C::flush()
                0x0000000000004b98                arduino::ZephyrI2C::begin()
 .text._ZN7arduino9ZephyrI2C15endTransmissionEv
                0x0000000000004b9a        0x8 /home/arduino/ArduinoApps/mpu-6050/.cache/sketch/libraries/Wire/Wire.cpp.o
                0x0000000000004b9a                arduino::ZephyrI2C::endTransmission()
 .text._ZN7arduino9ZephyrI2C11requestFromEhj
                0x0000000000004ba2       0x10 /home/arduino/ArduinoApps/mpu-6050/.cache/sketch/libraries/Wire/Wire.cpp.o
                0x0000000000004ba2                arduino::ZephyrI2C::requestFrom(unsigned char, unsigned int)
 .text._ZN7arduino9ZephyrI2C9availableEv
                0x0000000000004bb2        0xe /home/arduino/ArduinoApps/mpu-6050/.cache/sketch/libraries/Wire/Wire.cpp.o
                0x0000000000004bb2                arduino::ZephyrI2C::available()
 .text._ZN7arduino9ZephyrI2C9onReceiveEPFviE
                0x0000000000004bc0        0x6 /home/arduino/ArduinoApps/mpu-6050/.cache/sketch/libraries/Wire/Wire.cpp.o
                0x0000000000004bc0                arduino::ZephyrI2C::onReceive(void (*)(int))
 .text._ZN7arduino9ZephyrI2C9onRequestEPFvvE
                0x0000000000004bc6        0x6 /home/arduino/ArduinoApps/mpu-6050/.cache/sketch/libraries/Wire/Wire.cpp.o
                0x0000000000004bc6                arduino::ZephyrI2C::onRequest(void (*)())
 .text._ZN7arduino9ZephyrI2C5writeEh
                0x0000000000004bcc       0x1c /home/arduino/ArduinoApps/mpu-6050/.cache/sketch/libraries/Wire/Wire.cpp.o
                0x0000000000004bcc                arduino::ZephyrI2C::write(unsigned char)
 .text._ZN7arduino9ZephyrI2C5writeEPKhj
                0x0000000000004be8        0xc /home/arduino/ArduinoApps/mpu-6050/.cache/sketch/libraries/Wire/Wire.cpp.o
                0x0000000000004be8                arduino::ZephyrI2C::write(unsigned char const*, unsigned int)
 .text._ZN7arduino9ZephyrI2C4readEv
                0x0000000000004bf4       0x28 /home/arduino/ArduinoApps/mpu-6050/.cache/sketch/libraries/Wire/Wire.cpp.o
                0x0000000000004bf4                arduino::ZephyrI2C::read()
 .text._ZL28i2c_target_read_processed_cbP17i2c_target_configPh
                0x0000000000004c1c       0x18 /home/arduino/ArduinoApps/mpu-6050/.cache/sketch/libraries/Wire/Wire.cpp.o
 .text._ZN7arduino9ZephyrI2C4peekEv
                0x0000000000004c34       0x28 /home/arduino/ArduinoApps/mpu-6050/.cache/sketch/libraries/Wire/Wire.cpp.o
                0x0000000000004c34                arduino::ZephyrI2C::peek()
 .text._ZN7arduino9ZephyrI2C3endEv
                0x0000000000004c5c       0x24 /home/arduino/ArduinoApps/mpu-6050/.cache/sketch/libraries/Wire/Wire.cpp.o
                0x0000000000004c5c                arduino::ZephyrI2C::end()
 .text._ZN7arduino9ZephyrI2C5beginEh
                0x0000000000004c80       0x20 /home/arduino/ArduinoApps/mpu-6050/.cache/sketch/libraries/Wire/Wire.cpp.o
                0x0000000000004c80                arduino::ZephyrI2C::begin(unsigned char)
 .text._ZN7arduino9ZephyrI2C8setClockEj
                0x0000000000004ca0       0x3c /home/arduino/ArduinoApps/mpu-6050/.cache/sketch/libraries/Wire/Wire.cpp.o
                0x0000000000004ca0                arduino::ZephyrI2C::setClock(unsigned int)
 .text._ZN7arduino9ZephyrI2C15endTransmissionEb
                0x0000000000004cdc       0x74 /home/arduino/ArduinoApps/mpu-6050/.cache/sketch/libraries/Wire/Wire.cpp.o
                0x0000000000004cdc                arduino::ZephyrI2C::endTransmission(bool)
 .text._ZN7arduino9ZephyrI2C11requestFromEhjb
                0x0000000000004d50       0x98 /home/arduino/ArduinoApps/mpu-6050/.cache/sketch/libraries/Wire/Wire.cpp.o
                0x0000000000004d50                arduino::ZephyrI2C::requestFrom(unsigned char, unsigned int, bool)
 .text._ZL29i2c_target_write_requested_cbP17i2c_target_config
                0x0000000000004de8        0xe /home/arduino/ArduinoApps/mpu-6050/.cache/sketch/libraries/Wire/Wire.cpp.o
 .text._ZN7arduino9ZephyrI2C17beginTransmissionEh
                0x0000000000004df6       0x14 /home/arduino/ArduinoApps/mpu-6050/.cache/sketch/libraries/Wire/Wire.cpp.o
                0x0000000000004df6                arduino::ZephyrI2C::beginTransmission(unsigned char)
 *fill*         0x0000000000004e0a        0x2 
 .text._ZN7arduino9ZephyrI2CC2EPK6device
                0x0000000000004e0c       0x4c /home/arduino/ArduinoApps/mpu-6050/.cache/sketch/libraries/Wire/Wire.cpp.o
                0x0000000000004e0c                arduino::ZephyrI2C::ZephyrI2C(device const*)
                0x0000000000004e0c                arduino::ZephyrI2C::ZephyrI2C(device const*)
 .text._ZN7arduino9ZephyrI2C21writeReceivedCallbackEP17i2c_target_configh
                0x0000000000004e58       0x44 /home/arduino/ArduinoApps/mpu-6050/.cache/sketch/libraries/Wire/Wire.cpp.o
                0x0000000000004e58                arduino::ZephyrI2C::writeReceivedCallback(i2c_target_config*, unsigned char)
 .text._ZL28i2c_target_write_received_cbP17i2c_target_configh
                0x0000000000004e9c       0x10 /home/arduino/ArduinoApps/mpu-6050/.cache/sketch/libraries/Wire/Wire.cpp.o
 .text._ZN7arduino9ZephyrI2C21readRequestedCallbackEP17i2c_target_configPh
                0x0000000000004eac       0x30 /home/arduino/ArduinoApps/mpu-6050/.cache/sketch/libraries/Wire/Wire.cpp.o
                0x0000000000004eac                arduino::ZephyrI2C::readRequestedCallback(i2c_target_config*, unsigned char*)
 .text._ZL28i2c_target_read_requested_cbP17i2c_target_configPh
                0x0000000000004edc       0x10 /home/arduino/ArduinoApps/mpu-6050/.cache/sketch/libraries/Wire/Wire.cpp.o
 .text._ZN7arduino9ZephyrI2C12stopCallbackEP17i2c_target_config
                0x0000000000004eec       0x1c /home/arduino/ArduinoApps/mpu-6050/.cache/sketch/libraries/Wire/Wire.cpp.o
                0x0000000000004eec                arduino::ZephyrI2C::stopCallback(i2c_target_config*)
 .text._ZL18i2c_target_stop_cbP17i2c_target_config
                0x0000000000004f08        0xc /home/arduino/ArduinoApps/mpu-6050/.cache/sketch/libraries/Wire/Wire.cpp.o
 .text._GLOBAL__sub_I__ZN7arduino9ZephyrI2CC2EPK6device
                0x0000000000004f14       0x28 /home/arduino/ArduinoApps/mpu-6050/.cache/sketch/libraries/Wire/Wire.cpp.o
 .text._ZN7arduino9ZephyrSPI14usingInterruptEi
                0x0000000000004f3c        0x2 /home/arduino/ArduinoApps/mpu-6050/.cache/sketch/libraries/SPI/SPI.cpp.o
                0x0000000000004f3c                arduino::ZephyrSPI::notUsingInterrupt(int)
                0x0000000000004f3c                arduino::ZephyrSPI::usingInterrupt(int)
 .text._ZN7arduino9ZephyrSPI15attachInterruptEv
                0x0000000000004f3e        0x2 /home/arduino/ArduinoApps/mpu-6050/.cache/sketch/libraries/SPI/SPI.cpp.o
                0x0000000000004f3e                arduino::ZephyrSPI::begin()
                0x0000000000004f3e                arduino::ZephyrSPI::attachInterrupt()
                0x0000000000004f3e                arduino::ZephyrSPI::end()
                0x0000000000004f3e                arduino::ZephyrSPI::detachInterrupt()
 .text._ZN7arduino9ZephyrSPID2Ev
                0x0000000000004f40        0x2 /home/arduino/ArduinoApps/mpu-6050/.cache/sketch/libraries/SPI/SPI.cpp.o
                0x0000000000004f40                arduino::ZephyrSPI::~ZephyrSPI()
                0x0000000000004f40                arduino::ZephyrSPI::~ZephyrSPI()
 *fill*         0x0000000000004f42        0x2 
 .text._ZN7arduino9ZephyrSPI16beginTransactionENS_11SPISettingsE
                0x0000000000004f44       0x7c /home/arduino/ArduinoApps/mpu-6050/.cache/sketch/libraries/SPI/SPI.cpp.o
                0x0000000000004f44                arduino::ZephyrSPI::beginTransaction(arduino::SPISettings)
 .text._ZN7arduino9ZephyrSPID0Ev
                0x0000000000004fc0       0x14 /home/arduino/ArduinoApps/mpu-6050/.cache/sketch/libraries/SPI/SPI.cpp.o
                0x0000000000004fc0                arduino::ZephyrSPI::~ZephyrSPI()
 .text._ZN7arduino9ZephyrSPI14endTransactionEv
                0x0000000000004fd4        0xc /home/arduino/ArduinoApps/mpu-6050/.cache/sketch/libraries/SPI/SPI.cpp.o
                0x0000000000004fd4                arduino::ZephyrSPI::endTransaction()
 .text._ZN7arduino9ZephyrSPI8transferEPvjPK10spi_config
                0x0000000000004fe0       0x2e /home/arduino/ArduinoApps/mpu-6050/.cache/sketch/libraries/SPI/SPI.cpp.o
                0x0000000000004fe0                arduino::ZephyrSPI::transfer(void*, unsigned int, spi_config const*)
 *fill*         0x000000000000500e        0x2 
 .text._ZN7arduino9ZephyrSPI8transferEh
                0x0000000000005010       0x28 /home/arduino/ArduinoApps/mpu-6050/.cache/sketch/libraries/SPI/SPI.cpp.o
                0x0000000000005010                arduino::ZephyrSPI::transfer(unsigned char)
 .text._ZN7arduino9ZephyrSPI10transfer16Et
                0x0000000000005038       0x28 /home/arduino/ArduinoApps/mpu-6050/.cache/sketch/libraries/SPI/SPI.cpp.o
                0x0000000000005038                arduino::ZephyrSPI::transfer16(unsigned short)
 .text._ZN7arduino9ZephyrSPI8transferEPvj
                0x0000000000005060       0x14 /home/arduino/ArduinoApps/mpu-6050/.cache/sketch/libraries/SPI/SPI.cpp.o
                0x0000000000005060                arduino::ZephyrSPI::transfer(void*, unsigned int)
 .text._GLOBAL__sub_I__ZN7arduino9ZephyrSPIC2EPK6device
                0x0000000000005074       0x34 /home/arduino/ArduinoApps/mpu-6050/.cache/sketch/libraries/SPI/SPI.cpp.o
 .text._ZSt20__throw_length_errorPKc
                0x00000000000050a8        0x2 /home/arduino/ArduinoApps/mpu-6050/.cache/sketch/core/core.a(abi.cpp.o)
                0x00000000000050a8                std::__throw_length_error(char const*)
 .text._ZSt17__throw_bad_allocv
                0x00000000000050aa        0x2 /home/arduino/ArduinoApps/mpu-6050/.cache/sketch/core/core.a(abi.cpp.o)
                0x00000000000050aa                std::__throw_bad_alloc()
 .text.atexit   0x00000000000050ac        0x4 /home/arduino/ArduinoApps/mpu-6050/.cache/sketch/core/core.a(abi.cpp.o)
                0x00000000000050ac                atexit
 .text.strcmp   0x00000000000050b0       0x16 /home/arduino/ArduinoApps/mpu-6050/.cache/sketch/core/core.a(abi.cpp.o)
                0x00000000000050b0                strcmp
 *fill*         0x00000000000050c6        0x2 
 .text._ZN7arduino5Print5writeEPKc
                0x00000000000050c8       0x24 /home/arduino/ArduinoApps/mpu-6050/.cache/sketch/core/core.a(Print.cpp.o)
                0x00000000000050c8                arduino::Print::write(char const*)
 .text._ZN7arduino5Print5printEPKc
                0x00000000000050ec        0xc /home/arduino/ArduinoApps/mpu-6050/.cache/sketch/core/core.a(Print.cpp.o)
                0x00000000000050ec                arduino::Print::print(char const*)
 .text._ZN7arduino5Print5printEc
                0x00000000000050f8        0x6 /home/arduino/ArduinoApps/mpu-6050/.cache/sketch/core/core.a(Print.cpp.o)
                0x00000000000050f8                arduino::Print::print(char)
 *fill*         0x00000000000050fe        0x2 
 .text._ZN7arduino5Print7printlnEv
                0x0000000000005100       0x14 /home/arduino/ArduinoApps/mpu-6050/.cache/sketch/core/core.a(Print.cpp.o)
                0x0000000000005100                arduino::Print::println()
 .text._ZN7arduino5Print7printlnEPKNS_19__FlashStringHelperE
                0x0000000000005114       0x1c /home/arduino/ArduinoApps/mpu-6050/.cache/sketch/core/core.a(Print.cpp.o)
                0x0000000000005114                arduino::Print::println(arduino::__FlashStringHelper const*)
 .text._ZN7arduino5Print7printlnEPKc
                0x0000000000005130        0x8 /home/arduino/ArduinoApps/mpu-6050/.cache/sketch/core/core.a(Print.cpp.o)
                0x0000000000005130                arduino::Print::println(char const*)
 .text._ZN7arduino5Print11printNumberEmh
                0x0000000000005138       0x40 /home/arduino/ArduinoApps/mpu-6050/.cache/sketch/core/core.a(Print.cpp.o)
                0x0000000000005138                arduino::Print::printNumber(unsigned long, unsigned char)
 .text._ZN7arduino5Print10printFloatEdi
                0x0000000000005178      0x1b4 /home/arduino/ArduinoApps/mpu-6050/.cache/sketch/core/core.a(Print.cpp.o)
                0x0000000000005178                arduino::Print::printFloat(double, int)
 .text._ZN7arduino5Print5printEdi
                0x000000000000532c        0x8 /home/arduino/ArduinoApps/mpu-6050/.cache/sketch/core/core.a(Print.cpp.o)
                0x000000000000532c                arduino::Print::print(double, int)
 .text._ZN7arduino5Print7printlnEdi
                0x0000000000005334       0x1c /home/arduino/ArduinoApps/mpu-6050/.cache/sketch/core/core.a(Print.cpp.o)
                0x0000000000005334                arduino::Print::println(double, int)
 .text._ZN7arduino6Stream9timedReadEv
                0x0000000000005350       0x2c /home/arduino/ArduinoApps/mpu-6050/.cache/sketch/core/core.a(Stream.cpp.o)
                0x0000000000005350                arduino::Stream::timedRead()
 .text._ZN7arduino6Stream10setTimeoutEm
                0x000000000000537c        0x4 /home/arduino/ArduinoApps/mpu-6050/.cache/sketch/core/core.a(Stream.cpp.o)
                0x000000000000537c                arduino::Stream::setTimeout(unsigned long)
 .text._ZN7arduino6Stream9readBytesEPcj
                0x0000000000005380       0x2c /home/arduino/ArduinoApps/mpu-6050/.cache/sketch/core/core.a(Stream.cpp.o)
                0x0000000000005380                arduino::Stream::readBytes(char*, unsigned int)
 .text._ZN7arduino6StringC2EOS0_
                0x00000000000053ac       0x16 /home/arduino/ArduinoApps/mpu-6050/.cache/sketch/core/core.a(String.cpp.o)
                0x00000000000053ac                arduino::String::String(arduino::String&&)
                0x00000000000053ac                arduino::String::String(arduino::String&&)
 *fill*         0x00000000000053c2        0x2 
 .text._ZN7arduino6StringD2Ev
                0x00000000000053c4       0x14 /home/arduino/ArduinoApps/mpu-6050/.cache/sketch/core/core.a(String.cpp.o)
                0x00000000000053c4                arduino::String::~String()
                0x00000000000053c4                arduino::String::~String()
 .text._ZN7arduino6String10invalidateEv
                0x00000000000053d8       0x1c /home/arduino/ArduinoApps/mpu-6050/.cache/sketch/core/core.a(String.cpp.o)
                0x00000000000053d8                arduino::String::invalidate()
 .text._ZN7arduino6String12changeBufferEj
                0x00000000000053f4       0x1c /home/arduino/ArduinoApps/mpu-6050/.cache/sketch/core/core.a(String.cpp.o)
                0x00000000000053f4                arduino::String::changeBuffer(unsigned int)
 .text._ZN7arduino6String7reserveEj
                0x0000000000005410       0x28 /home/arduino/ArduinoApps/mpu-6050/.cache/sketch/core/core.a(String.cpp.o)
                0x0000000000005410                arduino::String::reserve(unsigned int)
 .text._ZN7arduino6String4copyEPKcj
                0x0000000000005438       0x3c /home/arduino/ArduinoApps/mpu-6050/.cache/sketch/core/core.a(String.cpp.o)
                0x0000000000005438                arduino::String::copy(char const*, unsigned int)
 .text._ZN7arduino6StringC2EPKc
                0x0000000000005474       0x2c /home/arduino/ArduinoApps/mpu-6050/.cache/sketch/core/core.a(String.cpp.o)
                0x0000000000005474                arduino::String::String(char const*)
                0x0000000000005474                arduino::String::String(char const*)
 .text._ZN7arduino6String4moveERS0_
                0x00000000000054a0       0x2c /home/arduino/ArduinoApps/mpu-6050/.cache/sketch/core/core.a(String.cpp.o)
                0x00000000000054a0                arduino::String::move(arduino::String&)
 .text._ZN7arduino6StringaSERKS0_
                0x00000000000054cc       0x28 /home/arduino/ArduinoApps/mpu-6050/.cache/sketch/core/core.a(String.cpp.o)
                0x00000000000054cc                arduino::String::operator=(arduino::String const&)
 .text._ZN7arduino6StringC2ERKS0_
                0x00000000000054f4       0x18 /home/arduino/ArduinoApps/mpu-6050/.cache/sketch/core/core.a(String.cpp.o)
                0x00000000000054f4                arduino::String::String(arduino::String const&)
                0x00000000000054f4                arduino::String::String(arduino::String const&)
 .text._ZN7arduino6StringaSEOS0_
                0x000000000000550c       0x10 /home/arduino/ArduinoApps/mpu-6050/.cache/sketch/core/core.a(String.cpp.o)
                0x000000000000550c                arduino::String::operator=(arduino::String&&)
 .text._ZN7arduino6StringaSEPKc
                0x000000000000551c       0x30 /home/arduino/ArduinoApps/mpu-6050/.cache/sketch/core/core.a(String.cpp.o)
                0x000000000000551c                arduino::String::operator=(char const*)
 .text._ZN7arduino6String6concatEPKcj
                0x000000000000554c       0x40 /home/arduino/ArduinoApps/mpu-6050/.cache/sketch/core/core.a(String.cpp.o)
                0x000000000000554c                arduino::String::concat(char const*, unsigned int)
 .text._ZN7arduino6String6concatEc
                0x000000000000558c       0x1c /home/arduino/ArduinoApps/mpu-6050/.cache/sketch/core/core.a(String.cpp.o)
                0x000000000000558c                arduino::String::concat(char)
 .text._ZNK7arduino6String9compareToERKS0_
                0x00000000000055a8       0x30 /home/arduino/ArduinoApps/mpu-6050/.cache/sketch/core/core.a(String.cpp.o)
                0x00000000000055a8                arduino::String::compareTo(arduino::String const&) const
 .text._ZNK7arduino6String6equalsERKS0_
                0x00000000000055d8       0x20 /home/arduino/ArduinoApps/mpu-6050/.cache/sketch/core/core.a(String.cpp.o)
                0x00000000000055d8                arduino::String::equals(arduino::String const&) const
 .text._ZNK7arduino6String6equalsEPKc
                0x00000000000055f8       0x28 /home/arduino/ArduinoApps/mpu-6050/.cache/sketch/core/core.a(String.cpp.o)
                0x00000000000055f8                arduino::String::equals(char const*) const
 .text.initVariant
                0x0000000000005620        0x2 /home/arduino/ArduinoApps/mpu-6050/.cache/sketch/core/core.a(main.cpp.o)
                0x0000000000005620                initVariant
 *fill*         0x0000000000005622        0x2 
 .text.main     0x0000000000005624       0x2c /home/arduino/ArduinoApps/mpu-6050/.cache/sketch/core/core.a(main.cpp.o)
                0x0000000000005624                main
 .text._ZL10new_helperj
                0x0000000000005650       0x10 /home/arduino/ArduinoApps/mpu-6050/.cache/sketch/core/core.a(new.cpp.o)
 .text._Znwj    0x0000000000005660        0x8 /home/arduino/ArduinoApps/mpu-6050/.cache/sketch/core/core.a(new.cpp.o)
                0x0000000000005660                operator new(unsigned int)
 .text._ZnwjPv  0x0000000000005668        0x4 /home/arduino/ArduinoApps/mpu-6050/.cache/sketch/core/core.a(new.cpp.o)
                0x0000000000005668                operator new(unsigned int, void*)
 .text._ZdlPvj  0x000000000000566c        0x8 /home/arduino/ArduinoApps/mpu-6050/.cache/sketch/core/core.a(new.cpp.o)
                0x000000000000566c                operator delete(void*, unsigned int)
 .text._Z20start_static_threadsv
                0x0000000000005674       0x6c /home/arduino/ArduinoApps/mpu-6050/.cache/sketch/core/core.a(threads.cpp.o)
                0x0000000000005674                start_static_threads()
 .text.gpio_pin_set_dt.isra.0
                0x00000000000056e0       0x28 /home/arduino/ArduinoApps/mpu-6050/.cache/sketch/core/core.a(zephyrCommon.cpp.o)
 .text.yield    0x0000000000005708        0x8 /home/arduino/ArduinoApps/mpu-6050/.cache/sketch/core/core.a(zephyrCommon.cpp.o)
                0x0000000000005708                yield
 .text.digitalWrite
                0x0000000000005710       0x14 /home/arduino/ArduinoApps/mpu-6050/.cache/sketch/core/core.a(zephyrCommon.cpp.o)
                0x0000000000005710                digitalWrite
 .text.digitalRead
                0x0000000000005724       0x40 /home/arduino/ArduinoApps/mpu-6050/.cache/sketch/core/core.a(zephyrCommon.cpp.o)
                0x0000000000005724                digitalRead
 .text.delay    0x0000000000005764       0x10 /home/arduino/ArduinoApps/mpu-6050/.cache/sketch/core/core.a(zephyrCommon.cpp.o)
                0x0000000000005764                delay
 .text.delayMicroseconds
                0x0000000000005774       0x24 /home/arduino/ArduinoApps/mpu-6050/.cache/sketch/core/core.a(zephyrCommon.cpp.o)
                0x0000000000005774                delayMicroseconds
 .text.millis   0x0000000000005798       0x18 /home/arduino/ArduinoApps/mpu-6050/.cache/sketch/core/core.a(zephyrCommon.cpp.o)
                0x0000000000005798                millis
 .text.z_impl_uart_irq_tx_enable
                0x00000000000057b0        0xa /home/arduino/ArduinoApps/mpu-6050/.cache/sketch/core/core.a(zephyrSerial.cpp.o)
 .text._ZN7arduino12ZephyrSerial5beginEm
                0x00000000000057ba        0xa /home/arduino/ArduinoApps/mpu-6050/.cache/sketch/core/core.a(zephyrSerial.cpp.o)
                0x00000000000057ba                arduino::ZephyrSerial::begin(unsigned long)
 .text._ZN7arduino12ZephyrSerial3endEv
                0x00000000000057c4        0x2 /home/arduino/ArduinoApps/mpu-6050/.cache/sketch/core/core.a(zephyrSerial.cpp.o)
                0x00000000000057c4                arduino::ZephyrSerial::end()
 .text._ZN7arduino12ZephyrSerial5writeEh
                0x00000000000057c6       0x18 /home/arduino/ArduinoApps/mpu-6050/.cache/sketch/core/core.a(zephyrSerial.cpp.o)
                0x00000000000057c6                arduino::ZephyrSerial::write(unsigned char)
 .text._ZN7arduino12ZephyrSerialcvbEv
                0x00000000000057de        0x4 /home/arduino/ArduinoApps/mpu-6050/.cache/sketch/core/core.a(zephyrSerial.cpp.o)
                0x00000000000057de                arduino::ZephyrSerial::operator bool()
 *fill*         0x00000000000057e2        0x2 
 .text.k_sem_give
                0x00000000000057e4        0x8 /home/arduino/ArduinoApps/mpu-6050/.cache/sketch/core/core.a(zephyrSerial.cpp.o)
 .text.k_sem_take.isra.0
                0x00000000000057ec        0x8 /home/arduino/ArduinoApps/mpu-6050/.cache/sketch/core/core.a(zephyrSerial.cpp.o)
 .text._ZN7arduino12ZephyrSerial4readEv
                0x00000000000057f4       0x48 /home/arduino/ArduinoApps/mpu-6050/.cache/sketch/core/core.a(zephyrSerial.cpp.o)
                0x00000000000057f4                arduino::ZephyrSerial::read()
 .text._ZN7arduino12ZephyrSerial4peekEv
                0x000000000000583c       0x48 /home/arduino/ArduinoApps/mpu-6050/.cache/sketch/core/core.a(zephyrSerial.cpp.o)
                0x000000000000583c                arduino::ZephyrSerial::peek()
 .text._ZN7arduino12ZephyrSerial17availableForWriteEv
                0x0000000000005884       0x3c /home/arduino/ArduinoApps/mpu-6050/.cache/sketch/core/core.a(zephyrSerial.cpp.o)
                0x0000000000005884                arduino::ZephyrSerial::availableForWrite()
 .text._ZN7arduino12ZephyrSerial9availableEv
                0x00000000000058c0       0x34 /home/arduino/ArduinoApps/mpu-6050/.cache/sketch/core/core.a(zephyrSerial.cpp.o)
                0x00000000000058c0                arduino::ZephyrSerial::available()
 .text._ZN7arduino12ZephyrSerial5beginEmt
                0x00000000000058f4       0xb8 /home/arduino/ArduinoApps/mpu-6050/.cache/sketch/core/core.a(zephyrSerial.cpp.o)
                0x00000000000058f4                arduino::ZephyrSerial::begin(unsigned long, unsigned short)
 .text._ZN7arduino12ZephyrSerial5flushEv
                0x00000000000059ac       0x2c /home/arduino/ArduinoApps/mpu-6050/.cache/sketch/core/core.a(zephyrSerial.cpp.o)
                0x00000000000059ac                arduino::ZephyrSerial::flush()
 .text._ZN7arduino12ZephyrSerial5writeEPKhj
                0x00000000000059d8       0x70 /home/arduino/ArduinoApps/mpu-6050/.cache/sketch/core/core.a(zephyrSerial.cpp.o)
                0x00000000000059d8                arduino::ZephyrSerial::write(unsigned char const*, unsigned int)
 .text._ZN7arduino12ZephyrSerial10IrqHandlerEv
                0x0000000000005a48       0xec /home/arduino/ArduinoApps/mpu-6050/.cache/sketch/core/core.a(zephyrSerial.cpp.o)
                0x0000000000005a48                arduino::ZephyrSerial::IrqHandler()
 .text._ZN7arduino12ZephyrSerial11IrqDispatchEPK6devicePv
                0x0000000000005b34        0xc /home/arduino/ArduinoApps/mpu-6050/.cache/sketch/core/core.a(zephyrSerial.cpp.o)
                0x0000000000005b34                arduino::ZephyrSerial::IrqDispatch(device const*, void*)
 .text._ZN7arduino12ZephyrSerial18ZephyrSerialBufferILi64EEC2Ev
                0x0000000000005b40       0x28 /home/arduino/ArduinoApps/mpu-6050/.cache/sketch/core/core.a(zephyrSerial.cpp.o)
                0x0000000000005b40                arduino::ZephyrSerial::ZephyrSerialBuffer<64>::ZephyrSerialBuffer()
                0x0000000000005b40                arduino::ZephyrSerial::ZephyrSerialBuffer<64>::ZephyrSerialBuffer()
 .text._GLOBAL__sub_I__ZN7arduino12ZephyrSerial5beginEmt
                0x0000000000005b68       0x5c /home/arduino/ArduinoApps/mpu-6050/.cache/sketch/core/core.a(zephyrSerial.cpp.o)
 *(.text.*)
 *(.text._*)
 *(.init)
 *(.ctors)
 *(.dtors)
 *(.fini)

.static_thread_data_area
                0x0000000000005bc4        0x0
                0x0000000000005bc4                __static_thread_data_list_start = .
 *(.static_thread_data_area SORT_BY_NAME(.__static_thread_data.*))
                0x0000000000005bc4                __static_thread_data_list_end = .

.rodata         0x0000000000005bc4      0x590
 *(.rodata)
 *(.rodata1)
 *(.rodata.*)
 .rodata._ZN8RpcErrorC2Ev.str1.1
                0x0000000000005bc4        0x1 /home/arduino/ArduinoApps/mpu-6050/.cache/sketch/sketch/sketch.ino.cpp.o
 .rodata._ZNSt6vectorIjSaIjEE17_M_realloc_insertIJRjEEEvN9__gnu_cxx17__normal_iteratorIPjS1_EEDpOT_.str1.1
                0x0000000000005bc5       0x1a /home/arduino/ArduinoApps/mpu-6050/.cache/sketch/sketch/sketch.ino.cpp.o
 .rodata.loop.str1.1
                0x0000000000005bdf       0x21 /home/arduino/ArduinoApps/mpu-6050/.cache/sketch/sketch/sketch.ino.cpp.o
 .rodata._ZN10RpcDecoderILj1024EE12get_responseIN7arduino7msgpack6object5nil_tEEEbjRT_R8RpcError.str1.1
                0x0000000000005c00       0x7b /home/arduino/ArduinoApps/mpu-6050/.cache/sketch/sketch/sketch.ino.cpp.o
 .rodata._ZN7arduino7msgpack6object3extC2EaPKhj.str1.1
                0x0000000000005c7b       0x28 /home/arduino/ArduinoApps/mpu-6050/.cache/sketch/sketch/sketch.ino.cpp.o
 .rodata._ZN11BridgeClass11update_safeEv.str1.1
                0x0000000000005ca3        0x9 /home/arduino/ArduinoApps/mpu-6050/.cache/sketch/sketch/sketch.ino.cpp.o
 .rodata._ZN11BridgeClass5beginEm.str1.1
                0x0000000000005cac        0x8 /home/arduino/ArduinoApps/mpu-6050/.cache/sketch/sketch/sketch.ino.cpp.o
 .rodata._ZN13BridgeMonitorILj512EE5writeEPKhj.str1.1
                0x0000000000005cb4        0xa /home/arduino/ArduinoApps/mpu-6050/.cache/sketch/sketch/sketch.ino.cpp.o
 .rodata._ZN13BridgeMonitorILj512EE5_readEj.str1.1
                0x0000000000005cbe        0x9 /home/arduino/ArduinoApps/mpu-6050/.cache/sketch/sketch/sketch.ino.cpp.o
 .rodata.setup.str1.1
                0x0000000000005cc7       0x6f /home/arduino/ArduinoApps/mpu-6050/.cache/sketch/sketch/sketch.ino.cpp.o
 *fill*         0x0000000000005d36        0x2 
 .rodata._ZTV15SerialTransport
                0x0000000000005d38       0x20 /home/arduino/ArduinoApps/mpu-6050/.cache/sketch/sketch/sketch.ino.cpp.o
                0x0000000000005d38                vtable for SerialTransport
 .rodata._ZTV13BridgeMonitorILj512EE
                0x0000000000005d58       0x24 /home/arduino/ArduinoApps/mpu-6050/.cache/sketch/sketch/sketch.ino.cpp.o
                0x0000000000005d58                vtable for BridgeMonitor<512u>
 .rodata._ZN21Adafruit_MPU6050_Gyro9getSensorEP8sensor_t.str1.1
                0x0000000000005d7c        0xa /home/arduino/ArduinoApps/mpu-6050/.cache/sketch/libraries/Adafruit MPU6050/Adafruit_MPU6050.cpp.o
 .rodata._ZN30Adafruit_MPU6050_Accelerometer9getSensorEP8sensor_t.str1.1
                0x0000000000005d86        0xa /home/arduino/ArduinoApps/mpu-6050/.cache/sketch/libraries/Adafruit MPU6050/Adafruit_MPU6050.cpp.o
 .rodata._ZN21Adafruit_MPU6050_Temp9getSensorEP8sensor_t.str1.1
                0x0000000000005d90        0xa /home/arduino/ArduinoApps/mpu-6050/.cache/sketch/libraries/Adafruit MPU6050/Adafruit_MPU6050.cpp.o
 *fill*         0x0000000000005d9a        0x2 
 .rodata._ZTV21Adafruit_MPU6050_Temp
                0x0000000000005d9c       0x1c /home/arduino/ArduinoApps/mpu-6050/.cache/sketch/libraries/Adafruit MPU6050/Adafruit_MPU6050.cpp.o
                0x0000000000005d9c                vtable for Adafruit_MPU6050_Temp
 .rodata._ZTV30Adafruit_MPU6050_Accelerometer
                0x0000000000005db8       0x1c /home/arduino/ArduinoApps/mpu-6050/.cache/sketch/libraries/Adafruit MPU6050/Adafruit_MPU6050.cpp.o
                0x0000000000005db8                vtable for Adafruit_MPU6050_Accelerometer
 .rodata._ZTV21Adafruit_MPU6050_Gyro
                0x0000000000005dd4       0x1c /home/arduino/ArduinoApps/mpu-6050/.cache/sketch/libraries/Adafruit MPU6050/Adafruit_MPU6050.cpp.o
                0x0000000000005dd4                vtable for Adafruit_MPU6050_Gyro
 .rodata._ZTV16Adafruit_MPU6050
                0x0000000000005df0        0xc /home/arduino/ArduinoApps/mpu-6050/.cache/sketch/libraries/Adafruit MPU6050/Adafruit_MPU6050.cpp.o
                0x0000000000005df0                vtable for Adafruit_MPU6050
 .rodata._ZTVN7arduino9ZephyrI2CE
                0x0000000000005dfc       0x54 /home/arduino/ArduinoApps/mpu-6050/.cache/sketch/libraries/Wire/Wire.cpp.o
                0x0000000000005dfc                vtable for arduino::ZephyrI2C
 .rodata._ZTVN7arduino9ZephyrSPIE
                0x0000000000005e50       0x3c /home/arduino/ArduinoApps/mpu-6050/.cache/sketch/libraries/SPI/SPI.cpp.o
                0x0000000000005e50                vtable for arduino::ZephyrSPI
 .rodata._ZN7arduino5Print7printlnEv.str1.1
                0x0000000000005e8c        0x3 /home/arduino/ArduinoApps/mpu-6050/.cache/sketch/core/core.a(Print.cpp.o)
 .rodata._ZN7arduino5Print10printFloatEdi.str1.1
                0x0000000000005e8f        0xe /home/arduino/ArduinoApps/mpu-6050/.cache/sketch/core/core.a(Print.cpp.o)
 .rodata.str1.1
                0x0000000000005e9d       0x51 /home/arduino/ArduinoApps/mpu-6050/.cache/sketch/core/core.a(main.cpp.o)
 *fill*         0x0000000000005eee        0x2 
 .rodata._ZL12arduino_pins
                0x0000000000005ef0      0x230 /home/arduino/ArduinoApps/mpu-6050/.cache/sketch/core/core.a(zephyrCommon.cpp.o)
 .rodata._ZTVN7arduino12ZephyrSerialE
                0x0000000000006120       0x34 /home/arduino/ArduinoApps/mpu-6050/.cache/sketch/core/core.a(zephyrSerial.cpp.o)
                0x0000000000006120                vtable for arduino::ZephyrSerial

.data           0x0000000000006154       0x14
 *(.data .data.*)
 .data._ZL16target_callbacks
                0x0000000000006154       0x14 /home/arduino/ArduinoApps/mpu-6050/.cache/sketch/libraries/Wire/Wire.cpp.o

.bss            0x0000000000006168     0x1a20
 *(.bss .bss.* COMMON)
 .bss._ZN17RpcDecoderManagerILj3EE14decoders_countE
                0x0000000000006168        0x4 /home/arduino/ArduinoApps/mpu-6050/.cache/sketch/sketch/sketch.ino.cpp.o
                0x0000000000006168                RpcDecoderManager<3u>::decoders_count
 .bss._ZGVN17RpcDecoderManagerILj3EE9decoders_E
                0x000000000000616c        0x4 /home/arduino/ArduinoApps/mpu-6050/.cache/sketch/sketch/sketch.ino.cpp.o
                0x000000000000616c                guard variable for RpcDecoderManager<3u>::decoders_
 .bss._ZN17RpcDecoderManagerILj3EE9decoders_E
                0x0000000000006170      0xc60 /home/arduino/ArduinoApps/mpu-6050/.cache/sketch/sketch/sketch.ino.cpp.o
                0x0000000000006170                RpcDecoderManager<3u>::decoders_